******************************************************************************
                  TI ARM Linker PC v20.2.7                     
******************************************************************************
>> Linked Fri Feb 23 15:08:28 2024

OUTPUT FILE NAME:   <lab05.out>
ENTRY POINT SYMBOL: "_c_int00_noargs"  address: 00002a55


MEMORY CONFIGURATION

         name            origin    length      used     unused   attr    fill
----------------------  --------  ---------  --------  --------  ----  --------
  FLASH                 00000000   00040000  00002d5d  0003d2a3  R  X
  SRAM                  20000000   00008000  00001302  00006cfe  RW X


SEGMENT ALLOCATION MAP

run origin  load origin   length   init length attrs members
----------  ----------- ---------- ----------- ----- -------
00000000    00000000    00002d60   00002d60    r-x
  00000000    00000000    0000026c   0000026c    r-- .intvecs
  0000026c    0000026c    000029a8   000029a8    r-x .text
  00002c14    00002c14    00000109   00000109    r-- .const
  00002d20    00002d20    00000040   00000040    r-- .cinit
20000000    20000000    00001306   00000000    rw-
  20000000    20000000    0000026c   00000000    rw- .vtable
  20000270    20000270    00001000   00000000    rw- .stack
  20001270    20001270    0000008c   00000000    rw- .bss
  200012fc    200012fc    0000000a   00000000    rw- .data


SECTION ALLOCATION MAP

 output                                  attributes/
section   page    origin      length       input sections
--------  ----  ----------  ----------   ----------------
.intvecs   0    00000000    0000026c     
                  00000000    0000026c     tm4c123gh6pm_startup_ccs.obj (.intvecs)

.text      0    0000026c    000029a8     
                  0000026c    00000a4e     rtsv7M4_T_le_v4SPD16_eabi.lib : _printfi.c.obj (.text:__TI_printfi)
                  00000cba    00000002                                   : div0.asm.obj (.text)
                  00000cbc    00000328     lcd.obj (.text)
                  00000fe4    000002a8     libcybotUART.lib : uart.obj (.text)
                  0000128c    00000270     rtsv7M4_T_le_v4SPD16_eabi.lib : _printfi.c.obj (.text:_pconv_a)
                  000014fc    00000248     Timer.obj (.text)
                  00001744    000001d0     rtsv7M4_T_le_v4SPD16_eabi.lib : _printfi.c.obj (.text:_pconv_g)
                  00001914    000001b6                                   : fd_add_t2.asm.obj (.text)
                  00001aca    00000002     --HOLE-- [fill = 0]
                  00001acc    0000013c                                   : _printfi.c.obj (.text:_pconv_e)
                  00001c08    0000013c     uart.obj (.text)
                  00001d44    00000136     rtsv7M4_T_le_v4SPD16_eabi.lib : fd_div_t2.asm.obj (.text)
                  00001e7a    00000002     --HOLE-- [fill = 0]
                  00001e7c    00000124                                   : _printfi.c.obj (.text:fcvt)
                  00001fa0    00000110                                   : s_scalbn.c.obj (.text:scalbn)
                  000020b0    000000fc                                   : fd_mul_t2.asm.obj (.text)
                  000021ac    000000bc     lab5_template.obj (.text)
                  00002268    000000b1     rtsv7M4_T_le_v4SPD16_eabi.lib : _printfi.c.obj (.text:_ltostr)
                  00002319    00000001     --HOLE-- [fill = 0]
                  0000231a    0000009c                                   : memcpy_t2.asm.obj (.text)
                  000023b6    00000096                                   : ull_div_t2.asm.obj (.text)
                  0000244c    00000086                                   : fd_cmp_t2.asm.obj (.text:__aeabi_cdcmple)
                  000024d2    00000086                                   : fd_cmp_t2.asm.obj (.text:__aeabi_cdrcmple)
                  00002558    00000080     button.obj (.text)
                  000025d8    0000007a     rtsv7M4_T_le_v4SPD16_eabi.lib : memset_t2.asm.obj (.text)
                  00002652    0000006e                                   : _printfi.c.obj (.text:_mcpy)
                  000026c0    00000068                                   : copy_decompress_lzss.c.obj (.text:decompress:lzss:__TI_decompress_lzss)
                  00002728    00000064                                   : s_frexp.c.obj (.text:frexp)
                  0000278c    00000056                                   : _printfi.c.obj (.text:_pconv_f)
                  000027e2    00000054                                   : _ltoa.c.obj (.text:__TI_ltoa)
                  00002836    00000052                                   : _printfi.c.obj (.text:_ecpy)
                  00002888    0000004c                                   : atoi.c.obj (.text:atoi)
                  000028d4    00000048                                   : fd_toi_t2.asm.obj (.text)
                  0000291c    00000044                                   : autoinit.c.obj (.text:__TI_auto_init_nobinit_nopinit:__TI_auto_init_nobinit_nopinit)
                  00002960    00000040                                   : sprintf.c.obj (.text:sprintf)
                  000029a0    00000040                                   : vsnprintf.c.obj (.text:vsnprintf)
                  000029e0    0000003e                                   : _printfi.c.obj (.text:_fcpy)
                  00002a1e    00000002     --HOLE-- [fill = 0]
                  00002a20    00000034     driverlib.lib : interrupt.obj (.text:IntRegister)
                  00002a54    00000034     rtsv7M4_T_le_v4SPD16_eabi.lib : boot_cortex_m.c.obj (.text:_c_int00_noargs:_c_int00_noargs)
                  00002a88    00000030                                   : vsnprintf.c.obj (.text:_outs)
                  00002ab8    0000002e                                   : i_tofd_t2.asm.obj (.text)
                  00002ae6    0000001c                                   : copy_zero_init.c.obj (.text:decompress:ZI:__TI_zero_init_nomemset:__TI_zero_init_nomemset)
                  00002b02    0000001c                                   : memccpy.c.obj (.text:memccpy)
                  00002b1e    0000001a                                   : s_copysign.c.obj (.text:copysign)
                  00002b38    00000018                                   : vsnprintf.c.obj (.text:_outc)
                  00002b50    00000018                                   : sprintf.c.obj (.text:_outs)
                  00002b68    00000018                                   : strcmp.c.obj (.text:strcmp)
                  00002b80    00000016                                   : strchr.c.obj (.text:strchr)
                  00002b96    00000014                                   : strcpy.c.obj (.text:strcpy)
                  00002baa    00000014                                   : strlen.c.obj (.text:strlen)
                  00002bbe    00000012                                   : wcslen.c.obj (.text:wcslen)
                  00002bd0    00000010     lcd.obj (.text:lcd_clear)
                  00002be0    0000000e     rtsv7M4_T_le_v4SPD16_eabi.lib : copy_decompress_none.c.obj (.text:decompress:none:__TI_decompress_none)
                  00002bee    0000000c     tm4c123gh6pm_startup_ccs.obj (.text)
                  00002bfa    0000000a     rtsv7M4_T_le_v4SPD16_eabi.lib : sprintf.c.obj (.text:_outc)
                  00002c04    00000008                                   : errno.c.obj (.text:__aeabi_errno_addr)
                  00002c0c    00000004                                   : pre_init.c.obj (.text:_system_pre_init)
                  00002c10    00000004                                   : exit.c.obj (.text:abort:abort)

.const     0    00002c14    00000109     
                  00002c14    00000101     rtsv7M4_T_le_v4SPD16_eabi.lib : ctype.c.obj (.const:.string:_ctypes_)
                  00002d15    00000004     lcd.obj (.const:.string:lineAddress$1)
                  00002d19    00000004     lcd.obj (.const:.string:lineAddresses$2)

.cinit     0    00002d20    00000040     
                  00002d20    0000000c     (__TI_handler_table)
                  00002d2c    00000004     --HOLE-- [fill = 0]
                  00002d30    00000008     (.cinit..bss.load) [load image, compression = zero_init]
                  00002d38    00000008     (.cinit..vtable.load) [load image, compression = zero_init]
                  00002d40    00000007     (.cinit..data.load) [load image, compression = lzss]
                  00002d47    00000001     --HOLE-- [fill = 0]
                  00002d48    00000018     (__TI_cinit_table)

.init_array 
*          0    00000000    00000000     UNINITIALIZED

.vtable    0    20000000    0000026c     UNINITIALIZED
                  20000000    0000026c     driverlib.lib : interrupt.obj (.vtable)

.bss       0    20001270    0000008c     UNINITIALIZED
                  20001270    00000054     lcd.obj (.bss:lastbuffer$3)
                  200012c4    00000034     (.common:isr_char_buffer)
                  200012f8    00000004     (.common:_timeout_ticks)

.data      0    200012fc    0000000a     UNINITIALIZED
                  200012fc    00000004     libcybotUART.lib : uart.obj (.data)
                  20001300    00000004     rtsv7M4_T_le_v4SPD16_eabi.lib : errno.c.obj (.data)
                  20001304    00000001     Timer.obj (.data)
                  20001305    00000001     button.obj (.data)

.stack     0    20000270    00001000     UNINITIALIZED
                  20000270    00000004     rtsv7M4_T_le_v4SPD16_eabi.lib : boot_cortex_m.c.obj (.stack)
                  20000274    00000ffc     --HOLE--

__llvm_prf_cnts 
*          0    20000000    00000000     UNINITIALIZED

MODULE SUMMARY

       Module                         code    ro data   rw data
       ------                         ----    -------   -------
    .\
       lcd.obj                        824     8         84     
       tm4c123gh6pm_startup_ccs.obj   12      620       0      
       Timer.obj                      584     0         5      
       uart.obj                       316     0         0      
       lab5_template.obj              188     0         0      
       button.obj                     128     0         1      
    +--+------------------------------+-------+---------+---------+
       Total:                         2052    628       90     
                                                               
    ../libcybotUART.lib
       uart.obj                       680     0         56     
    +--+------------------------------+-------+---------+---------+
       Total:                         680     0         56     
                                                               
    C:/ti/TivaWare_C_Series-2.2.0.295/driverlib/ccs/Debug/driverlib.lib
       interrupt.obj                  52      0         620    
    +--+------------------------------+-------+---------+---------+
       Total:                         52      0         620    
                                                               
    C:\ti\ccs1230\ccs\tools\compiler\ti-cgt-arm_20.2.7.LTS\lib\rtsv7M4_T_le_v4SPD16_eabi.lib
       _printfi.c.obj                 4851    0         0      
       fd_add_t2.asm.obj              438     0         0      
       fd_div_t2.asm.obj              310     0         0      
       s_scalbn.c.obj                 272     0         0      
       fd_cmp_t2.asm.obj              268     0         0      
       ctype.c.obj                    0       257       0      
       fd_mul_t2.asm.obj              252     0         0      
       memcpy_t2.asm.obj              156     0         0      
       ull_div_t2.asm.obj             150     0         0      
       vsnprintf.c.obj                136     0         0      
       memset_t2.asm.obj              122     0         0      
       copy_decompress_lzss.c.obj     104     0         0      
       s_frexp.c.obj                  100     0         0      
       sprintf.c.obj                  98      0         0      
       _ltoa.c.obj                    84      0         0      
       atoi.c.obj                     76      0         0      
       fd_toi_t2.asm.obj              72      0         0      
       autoinit.c.obj                 68      0         0      
       boot_cortex_m.c.obj            52      0         0      
       i_tofd_t2.asm.obj              46      0         0      
       copy_zero_init.c.obj           28      0         0      
       memccpy.c.obj                  28      0         0      
       s_copysign.c.obj               26      0         0      
       strcmp.c.obj                   24      0         0      
       strchr.c.obj                   22      0         0      
       strcpy.c.obj                   20      0         0      
       strlen.c.obj                   20      0         0      
       wcslen.c.obj                   18      0         0      
       copy_decompress_none.c.obj     14      0         0      
       errno.c.obj                    8       0         4      
       exit.c.obj                     4       0         0      
       pre_init.c.obj                 4       0         0      
       div0.asm.obj                   2       0         0      
    +--+------------------------------+-------+---------+---------+
       Total:                         7873    257       4      
                                                               
       Stack:                         0       0         4096   
       Linker Generated:              0       59        0      
    +--+------------------------------+-------+---------+---------+
       Grand Total:                   10657   944       4866   


LINKER GENERATED COPY TABLES

__TI_cinit_table @ 00002d48 records: 3, size/record: 8, table size: 24
	.bss: load addr=00002d30, load size=00000008 bytes, run addr=20001270, run size=0000008c bytes, compression=zero_init
	.vtable: load addr=00002d38, load size=00000008 bytes, run addr=20000000, run size=0000026c bytes, compression=zero_init
	.data: load addr=00002d40, load size=00000007 bytes, run addr=200012fc, run size=0000000a bytes, compression=lzss


LINKER GENERATED HANDLER TABLE

__TI_handler_table @ 00002d20 records: 3, size/record: 4, table size: 12
	index: 0, handler: __TI_zero_init
	index: 1, handler: __TI_decompress_lzss
	index: 2, handler: __TI_decompress_none


GLOBAL SYMBOLS: SORTED ALPHABETICALLY BY Name 

address   name                          
-------   ----                          
00002c11  C$$EXIT                       
00002a21  IntRegister                   
00002bef  ResetISR                      
20001270  __STACK_END                   
00001000  __STACK_SIZE                  
20000470  __STACK_TOP                   
00002d48  __TI_CINIT_Base               
00002d60  __TI_CINIT_Limit              
00002d20  __TI_Handler_Table_Base       
00002d2c  __TI_Handler_Table_Limit      
0000291d  __TI_auto_init_nobinit_nopinit
000026c1  __TI_decompress_lzss          
00002be1  __TI_decompress_none          
000027e3  __TI_ltoa                     
ffffffff  __TI_pprof_out_hndl           
0000026d  __TI_printfi                  
ffffffff  __TI_prof_data_size           
ffffffff  __TI_prof_data_start          
00000000  __TI_static_base__            
00002ae7  __TI_zero_init_nomemset       
0000244d  __aeabi_cdcmpeq               
0000244d  __aeabi_cdcmple               
000024d3  __aeabi_cdrcmple              
000028d5  __aeabi_d2iz                  
0000191f  __aeabi_dadd                  
00001d45  __aeabi_ddiv                  
000020b1  __aeabi_dmul                  
00001915  __aeabi_dsub                  
00002c05  __aeabi_errno_addr            
00002ab9  __aeabi_i2d                   
00000cbb  __aeabi_idiv0                 
00000cbb  __aeabi_ldiv0                 
000025d9  __aeabi_memclr                
000025d9  __aeabi_memclr4               
000025d9  __aeabi_memclr8               
0000231b  __aeabi_memcpy                
0000231b  __aeabi_memcpy4               
0000231b  __aeabi_memcpy8               
000025db  __aeabi_memset                
000025db  __aeabi_memset4               
000025db  __aeabi_memset8               
000023b7  __aeabi_uldivmod              
ffffffff  __binit__                     
ffffffff  __c_args__                    
UNDEFED   __mpu_init                    
20000270  __stack                       
20000000  __start___llvm_prf_cnts       
20000000  __stop___llvm_prf_cnts        
00002a55  _c_int00_noargs               
00002c14  _ctypes_                      
20001304  _running                      
UNDEFED   _system_post_cinit            
00002c0d  _system_pre_init              
200012f8  _timeout_ticks                
00002c11  abort                         
00002889  atoi                          
ffffffff  binit                         
0000258d  button_getButton              
00002559  button_init                   
00002b1f  copysign                      
00002b1f  copysignl                     
00001231  cyBot_UART1_Handler           
00001223  cyBot_getByte_blocking        
00001203  cyBot_getByte_nonblocking     
00000fe5  cyBot_sendByte                
000011e9  cyBot_uart_flush              
00001153  cyBot_uart_init               
000010f3  cyBot_uart_init_PHJ_first_half
0000109b  cyBot_uart_init_clean         
00001023  cyBot_uart_init_last_half     
0000100b  cyBot_uart_sendBuffer         
00000ff1  cyBot_uart_sendStr            
20001300  errno                         
00002729  frexp                         
00002729  frexpl                        
20000000  g_pfnRAMVectors               
00000000  g_pfnVectors                  
200012c4  isr_char_buffer               
200012fc  isr_counter                   
00002bd1  lcd_clear                     
00000e91  lcd_gotoLine                  
00000cf9  lcd_init                      
00000ef7  lcd_printf                    
00000db9  lcd_putc                      
00000df1  lcd_puts                      
00000cbd  lcd_reverseNibble             
00000e0f  lcd_sendCommand               
00000e4d  lcd_sendNibble                
00000eb9  lcd_setCursorPos              
00001fa1  ldexp                         
00001fa1  ldexpl                        
000021ad  main                          
00002b03  memccpy                       
0000231b  memcpy                        
000025e1  memset                        
00001fa1  scalbn                        
00001fa1  scalbnl                       
00002961  sprintf                       
00002b81  strchr                        
00002b69  strcmp                        
00002b97  strcpy                        
00002bab  strlen                        
0000161b  timer_getMicros               
000015c3  timer_getMillis               
000014fd  timer_init                    
0000159f  timer_pause                   
000015b1  timer_resume                  
00001575  timer_stop                    
00001675  timer_waitMicros              
000016a7  timer_waitMillis              
00001c09  uart_init                     
00001cbf  uart_receive                  
00001c9b  uart_sendChar                 
00001ce9  uart_sendStr                  
000029a1  vsnprintf                     
00002bbf  wcslen                        


GLOBAL SYMBOLS: SORTED BY Symbol Address 

address   name                          
-------   ----                          
00000000  __TI_static_base__            
00000000  g_pfnVectors                  
0000026d  __TI_printfi                  
00000cbb  __aeabi_idiv0                 
00000cbb  __aeabi_ldiv0                 
00000cbd  lcd_reverseNibble             
00000cf9  lcd_init                      
00000db9  lcd_putc                      
00000df1  lcd_puts                      
00000e0f  lcd_sendCommand               
00000e4d  lcd_sendNibble                
00000e91  lcd_gotoLine                  
00000eb9  lcd_setCursorPos              
00000ef7  lcd_printf                    
00000fe5  cyBot_sendByte                
00000ff1  cyBot_uart_sendStr            
00001000  __STACK_SIZE                  
0000100b  cyBot_uart_sendBuffer         
00001023  cyBot_uart_init_last_half     
0000109b  cyBot_uart_init_clean         
000010f3  cyBot_uart_init_PHJ_first_half
00001153  cyBot_uart_init               
000011e9  cyBot_uart_flush              
00001203  cyBot_getByte_nonblocking     
00001223  cyBot_getByte_blocking        
00001231  cyBot_UART1_Handler           
000014fd  timer_init                    
00001575  timer_stop                    
0000159f  timer_pause                   
000015b1  timer_resume                  
000015c3  timer_getMillis               
0000161b  timer_getMicros               
00001675  timer_waitMicros              
000016a7  timer_waitMillis              
00001915  __aeabi_dsub                  
0000191f  __aeabi_dadd                  
00001c09  uart_init                     
00001c9b  uart_sendChar                 
00001cbf  uart_receive                  
00001ce9  uart_sendStr                  
00001d45  __aeabi_ddiv                  
00001fa1  ldexp                         
00001fa1  ldexpl                        
00001fa1  scalbn                        
00001fa1  scalbnl                       
000020b1  __aeabi_dmul                  
000021ad  main                          
0000231b  __aeabi_memcpy                
0000231b  __aeabi_memcpy4               
0000231b  __aeabi_memcpy8               
0000231b  memcpy                        
000023b7  __aeabi_uldivmod              
0000244d  __aeabi_cdcmpeq               
0000244d  __aeabi_cdcmple               
000024d3  __aeabi_cdrcmple              
00002559  button_init                   
0000258d  button_getButton              
000025d9  __aeabi_memclr                
000025d9  __aeabi_memclr4               
000025d9  __aeabi_memclr8               
000025db  __aeabi_memset                
000025db  __aeabi_memset4               
000025db  __aeabi_memset8               
000025e1  memset                        
000026c1  __TI_decompress_lzss          
00002729  frexp                         
00002729  frexpl                        
000027e3  __TI_ltoa                     
00002889  atoi                          
000028d5  __aeabi_d2iz                  
0000291d  __TI_auto_init_nobinit_nopinit
00002961  sprintf                       
000029a1  vsnprintf                     
00002a21  IntRegister                   
00002a55  _c_int00_noargs               
00002ab9  __aeabi_i2d                   
00002ae7  __TI_zero_init_nomemset       
00002b03  memccpy                       
00002b1f  copysign                      
00002b1f  copysignl                     
00002b69  strcmp                        
00002b81  strchr                        
00002b97  strcpy                        
00002bab  strlen                        
00002bbf  wcslen                        
00002bd1  lcd_clear                     
00002be1  __TI_decompress_none          
00002bef  ResetISR                      
00002c05  __aeabi_errno_addr            
00002c0d  _system_pre_init              
00002c11  C$$EXIT                       
00002c11  abort                         
00002c14  _ctypes_                      
00002d20  __TI_Handler_Table_Base       
00002d2c  __TI_Handler_Table_Limit      
00002d48  __TI_CINIT_Base               
00002d60  __TI_CINIT_Limit              
20000000  __start___llvm_prf_cnts       
20000000  __stop___llvm_prf_cnts        
20000000  g_pfnRAMVectors               
20000270  __stack                       
20000470  __STACK_TOP                   
20001270  __STACK_END                   
200012c4  isr_char_buffer               
200012f8  _timeout_ticks                
200012fc  isr_counter                   
20001300  errno                         
20001304  _running                      
ffffffff  __TI_pprof_out_hndl           
ffffffff  __TI_prof_data_size           
ffffffff  __TI_prof_data_start          
ffffffff  __binit__                     
ffffffff  __c_args__                    
ffffffff  binit                         
UNDEFED   __mpu_init                    
UNDEFED   _system_post_cinit            

[116 symbols]
