******************************************************************************
                  TI ARM Linker PC v20.2.7                     
******************************************************************************
>> Linked Fri Mar 29 13:59:17 2024

OUTPUT FILE NAME:   <lab09.out>
ENTRY POINT SYMBOL: "_c_int00_noargs"  address: 00002859


MEMORY CONFIGURATION

         name            origin    length      used     unused   attr    fill
----------------------  --------  ---------  --------  --------  ----  --------
  FLASH                 00000000   00040000  00002b7d  0003d483  R  X
  SRAM                  20000000   00008000  000012d4  00006d2c  RW X


SEGMENT ALLOCATION MAP

run origin  load origin   length   init length attrs members
----------  ----------- ---------- ----------- ----- -------
00000000    00000000    00002b80   00002b80    r-x
  00000000    00000000    0000026c   0000026c    r-- .intvecs
  0000026c    0000026c    000027c8   000027c8    r-x .text
  00002a34    00002a34    00000109   00000109    r-- .const
  00002b40    00002b40    00000040   00000040    r-- .cinit
20000000    20000000    000012d8   00000000    rw-
  20000000    20000000    0000026c   00000000    rw- .vtable
  20000270    20000270    00001000   00000000    rw- .stack
  20001270    20001270    00000058   00000000    rw- .bss
  200012c8    200012c8    00000010   00000000    rw- .data


SECTION ALLOCATION MAP

 output                                  attributes/
section   page    origin      length       input sections
--------  ----  ----------  ----------   ----------------
.intvecs   0    00000000    0000026c     
                  00000000    0000026c     tm4c123gh6pm_startup_ccs.obj (.intvecs)

.text      0    0000026c    000027c8     
                  0000026c    00000a4e     rtsv7M4_T_le_v4SPD16_eabi.lib : _printfi.c.obj (.text:__TI_printfi)
                  00000cba    00000002                                   : div0.asm.obj (.text)
                  00000cbc    00000328     lcd.obj (.text)
                  00000fe4    00000270     rtsv7M4_T_le_v4SPD16_eabi.lib : _printfi.c.obj (.text:_pconv_a)
                  00001254    00000248     Timer.obj (.text)
                  0000149c    00000240     ping.obj (.text)
                  000016dc    000001d0     rtsv7M4_T_le_v4SPD16_eabi.lib : _printfi.c.obj (.text:_pconv_g)
                  000018ac    000001b6                                   : fd_add_t2.asm.obj (.text)
                  00001a62    00000002     --HOLE-- [fill = 0]
                  00001a64    0000013c                                   : _printfi.c.obj (.text:_pconv_e)
                  00001ba0    00000136                                   : fd_div_t2.asm.obj (.text)
                  00001cd6    00000002     --HOLE-- [fill = 0]
                  00001cd8    00000124                                   : _printfi.c.obj (.text:fcvt)
                  00001dfc    00000110                                   : s_scalbn.c.obj (.text:scalbn)
                  00001f0c    000000fc                                   : fd_mul_t2.asm.obj (.text)
                  00002008    000000b1                                   : _printfi.c.obj (.text:_ltostr)
                  000020b9    00000001     --HOLE-- [fill = 0]
                  000020ba    0000009c                                   : memcpy_t2.asm.obj (.text)
                  00002156    00000096                                   : ull_div_t2.asm.obj (.text)
                  000021ec    00000086                                   : fd_cmp_t2.asm.obj (.text:__aeabi_cdcmple)
                  00002272    00000086                                   : fd_cmp_t2.asm.obj (.text:__aeabi_cdrcmple)
                  000022f8    0000007a                                   : memset_t2.asm.obj (.text)
                  00002372    0000006e                                   : _printfi.c.obj (.text:_mcpy)
                  000023e0    0000006e                                   : fd_tos_t2.asm.obj (.text)
                  0000244e    00000068                                   : copy_decompress_lzss.c.obj (.text:decompress:lzss:__TI_decompress_lzss)
                  000024b6    00000002     --HOLE-- [fill = 0]
                  000024b8    00000064                                   : s_frexp.c.obj (.text:frexp)
                  0000251c    00000056                                   : _printfi.c.obj (.text:_pconv_f)
                  00002572    00000054                                   : _ltoa.c.obj (.text:__TI_ltoa)
                  000025c6    00000052                                   : _printfi.c.obj (.text:_ecpy)
                  00002618    0000004c                                   : atoi.c.obj (.text:atoi)
                  00002664    00000048                                   : fd_toi_t2.asm.obj (.text)
                  000026ac    00000044                                   : autoinit.c.obj (.text:__TI_auto_init_nobinit_nopinit:__TI_auto_init_nobinit_nopinit)
                  000026f0    00000040                                   : sprintf.c.obj (.text:sprintf)
                  00002730    00000040                                   : vsnprintf.c.obj (.text:vsnprintf)
                  00002770    0000003e                                   : _printfi.c.obj (.text:_fcpy)
                  000027ae    00000002     --HOLE-- [fill = 0]
                  000027b0    0000003c     lab9_template.obj (.text)
                  000027ec    00000038     rtsv7M4_T_le_v4SPD16_eabi.lib : fs_tod_t2.asm.obj (.text)
                  00002824    00000034     driverlib.lib : interrupt.obj (.text:IntRegister)
                  00002858    00000034     rtsv7M4_T_le_v4SPD16_eabi.lib : boot_cortex_m.c.obj (.text:_c_int00_noargs:_c_int00_noargs)
                  0000288c    00000030                                   : vsnprintf.c.obj (.text:_outs)
                  000028bc    0000002e                                   : i_tofd_t2.asm.obj (.text)
                  000028ea    0000001c                                   : copy_zero_init.c.obj (.text:decompress:ZI:__TI_zero_init_nomemset:__TI_zero_init_nomemset)
                  00002906    0000001c                                   : memccpy.c.obj (.text:memccpy)
                  00002922    0000001a                                   : s_copysign.c.obj (.text:copysign)
                  0000293c    00000018                                   : vsnprintf.c.obj (.text:_outc)
                  00002954    00000018                                   : sprintf.c.obj (.text:_outs)
                  0000296c    00000018                                   : strcmp.c.obj (.text:strcmp)
                  00002984    00000016                                   : strchr.c.obj (.text:strchr)
                  0000299a    00000014                                   : strcpy.c.obj (.text:strcpy)
                  000029ae    00000014                                   : strlen.c.obj (.text:strlen)
                  000029c2    00000012                                   : wcslen.c.obj (.text:wcslen)
                  000029d4    00000010     driverlib.lib : interrupt.obj (.text:IntMasterEnable)
                  000029e4    00000010     lcd.obj (.text:lcd_clear)
                  000029f4    0000000e     rtsv7M4_T_le_v4SPD16_eabi.lib : copy_decompress_none.c.obj (.text:decompress:none:__TI_decompress_none)
                  00002a02    0000000c     driverlib.lib : cpu.obj (.text:CPUcpsie)
                  00002a0e    0000000c     tm4c123gh6pm_startup_ccs.obj (.text)
                  00002a1a    0000000a     rtsv7M4_T_le_v4SPD16_eabi.lib : sprintf.c.obj (.text:_outc)
                  00002a24    00000008                                   : errno.c.obj (.text:__aeabi_errno_addr)
                  00002a2c    00000004                                   : pre_init.c.obj (.text:_system_pre_init)
                  00002a30    00000004                                   : exit.c.obj (.text:abort:abort)

.const     0    00002a34    00000109     
                  00002a34    00000101     rtsv7M4_T_le_v4SPD16_eabi.lib : ctype.c.obj (.const:.string:_ctypes_)
                  00002b35    00000004     lcd.obj (.const:.string:lineAddress$1)
                  00002b39    00000004     lcd.obj (.const:.string:lineAddresses$2)

.cinit     0    00002b40    00000040     
                  00002b40    0000000c     (__TI_handler_table)
                  00002b4c    00000009     (.cinit..data.load) [load image, compression = lzss]
                  00002b55    00000003     --HOLE-- [fill = 0]
                  00002b58    00000008     (.cinit..bss.load) [load image, compression = zero_init]
                  00002b60    00000008     (.cinit..vtable.load) [load image, compression = zero_init]
                  00002b68    00000018     (__TI_cinit_table)

.init_array 
*          0    00000000    00000000     UNINITIALIZED

.vtable    0    20000000    0000026c     UNINITIALIZED
                  20000000    0000026c     driverlib.lib : interrupt.obj (.vtable)

.bss       0    20001270    00000058     UNINITIALIZED
                  20001270    00000054     lcd.obj (.bss:lastbuffer$3)
                  200012c4    00000004     (.common:_timeout_ticks)

.data      0    200012c8    00000010     UNINITIALIZED
                  200012c8    00000009     ping.obj (.data)
                  200012d1    00000001     Timer.obj (.data)
                  200012d2    00000002     --HOLE--
                  200012d4    00000004     rtsv7M4_T_le_v4SPD16_eabi.lib : errno.c.obj (.data)

.stack     0    20000270    00001000     UNINITIALIZED
                  20000270    00000004     rtsv7M4_T_le_v4SPD16_eabi.lib : boot_cortex_m.c.obj (.stack)
                  20000274    00000ffc     --HOLE--

__llvm_prf_cnts 
*          0    20000000    00000000     UNINITIALIZED

MODULE SUMMARY

       Module                         code    ro data   rw data
       ------                         ----    -------   -------
    .\
       lcd.obj                        824     8         84     
       tm4c123gh6pm_startup_ccs.obj   12      620       0      
       Timer.obj                      584     0         5      
       ping.obj                       576     0         9      
       lab9_template.obj              60      0         0      
    +--+------------------------------+-------+---------+---------+
       Total:                         2056    628       98     
                                                               
    C:/ti/TivaWare_C_Series-2.2.0.295/driverlib/ccs/Debug/driverlib.lib
       interrupt.obj                  68      0         620    
       cpu.obj                        12      0         0      
    +--+------------------------------+-------+---------+---------+
       Total:                         80      0         620    
                                                               
    C:\ti\ccs1230\ccs\tools\compiler\ti-cgt-arm_20.2.7.LTS\lib\rtsv7M4_T_le_v4SPD16_eabi.lib
       _printfi.c.obj                 4851    0         0      
       fd_add_t2.asm.obj              438     0         0      
       fd_div_t2.asm.obj              310     0         0      
       s_scalbn.c.obj                 272     0         0      
       fd_cmp_t2.asm.obj              268     0         0      
       ctype.c.obj                    0       257       0      
       fd_mul_t2.asm.obj              252     0         0      
       memcpy_t2.asm.obj              156     0         0      
       ull_div_t2.asm.obj             150     0         0      
       vsnprintf.c.obj                136     0         0      
       memset_t2.asm.obj              122     0         0      
       fd_tos_t2.asm.obj              110     0         0      
       copy_decompress_lzss.c.obj     104     0         0      
       s_frexp.c.obj                  100     0         0      
       sprintf.c.obj                  98      0         0      
       _ltoa.c.obj                    84      0         0      
       atoi.c.obj                     76      0         0      
       fd_toi_t2.asm.obj              72      0         0      
       autoinit.c.obj                 68      0         0      
       fs_tod_t2.asm.obj              56      0         0      
       boot_cortex_m.c.obj            52      0         0      
       i_tofd_t2.asm.obj              46      0         0      
       copy_zero_init.c.obj           28      0         0      
       memccpy.c.obj                  28      0         0      
       s_copysign.c.obj               26      0         0      
       strcmp.c.obj                   24      0         0      
       strchr.c.obj                   22      0         0      
       strcpy.c.obj                   20      0         0      
       strlen.c.obj                   20      0         0      
       wcslen.c.obj                   18      0         0      
       copy_decompress_none.c.obj     14      0         0      
       errno.c.obj                    8       0         4      
       exit.c.obj                     4       0         0      
       pre_init.c.obj                 4       0         0      
       div0.asm.obj                   2       0         0      
    +--+------------------------------+-------+---------+---------+
       Total:                         8039    257       4      
                                                               
       Stack:                         0       0         4096   
       Linker Generated:              0       61        0      
    +--+------------------------------+-------+---------+---------+
       Grand Total:                   10175   946       4818   


LINKER GENERATED COPY TABLES

__TI_cinit_table @ 00002b68 records: 3, size/record: 8, table size: 24
	.data: load addr=00002b4c, load size=00000009 bytes, run addr=200012c8, run size=00000010 bytes, compression=lzss
	.bss: load addr=00002b58, load size=00000008 bytes, run addr=20001270, run size=00000058 bytes, compression=zero_init
	.vtable: load addr=00002b60, load size=00000008 bytes, run addr=20000000, run size=0000026c bytes, compression=zero_init


LINKER GENERATED HANDLER TABLE

__TI_handler_table @ 00002b40 records: 3, size/record: 4, table size: 12
	index: 0, handler: __TI_zero_init
	index: 1, handler: __TI_decompress_lzss
	index: 2, handler: __TI_decompress_none


GLOBAL SYMBOLS: SORTED ALPHABETICALLY BY Name 

address   name                          
-------   ----                          
00002a31  C$$EXIT                       
00002a03  CPUcpsie                      
200012cc  END_TIME                      
000029d5  IntMasterEnable               
00002825  IntRegister                   
00002a0f  ResetISR                      
200012c8  START_TIME                    
200012d0  STATE                         
000015e9  TIMER3B_Handler               
20001270  __STACK_END                   
00001000  __STACK_SIZE                  
20000470  __STACK_TOP                   
00002b68  __TI_CINIT_Base               
00002b80  __TI_CINIT_Limit              
00002b40  __TI_Handler_Table_Base       
00002b4c  __TI_Handler_Table_Limit      
000026ad  __TI_auto_init_nobinit_nopinit
0000244f  __TI_decompress_lzss          
000029f5  __TI_decompress_none          
00002573  __TI_ltoa                     
ffffffff  __TI_pprof_out_hndl           
0000026d  __TI_printfi                  
ffffffff  __TI_prof_data_size           
ffffffff  __TI_prof_data_start          
00000000  __TI_static_base__            
000028eb  __TI_zero_init_nomemset       
000021ed  __aeabi_cdcmpeq               
000021ed  __aeabi_cdcmple               
00002273  __aeabi_cdrcmple              
000023e1  __aeabi_d2f                   
00002665  __aeabi_d2iz                  
000018b7  __aeabi_dadd                  
00001ba1  __aeabi_ddiv                  
00001f0d  __aeabi_dmul                  
000018ad  __aeabi_dsub                  
00002a25  __aeabi_errno_addr            
000027ed  __aeabi_f2d                   
000028bd  __aeabi_i2d                   
00000cbb  __aeabi_idiv0                 
00000cbb  __aeabi_ldiv0                 
000022f9  __aeabi_memclr                
000022f9  __aeabi_memclr4               
000022f9  __aeabi_memclr8               
000020bb  __aeabi_memcpy                
000020bb  __aeabi_memcpy4               
000020bb  __aeabi_memcpy8               
000022fb  __aeabi_memset                
000022fb  __aeabi_memset4               
000022fb  __aeabi_memset8               
00002157  __aeabi_uldivmod              
ffffffff  __binit__                     
ffffffff  __c_args__                    
UNDEFED   __mpu_init                    
20000270  __stack                       
20000000  __start___llvm_prf_cnts       
20000000  __stop___llvm_prf_cnts        
00002859  _c_int00_noargs               
00002a34  _ctypes_                      
200012d1  _running                      
UNDEFED   _system_post_cinit            
00002a2d  _system_pre_init              
200012c4  _timeout_ticks                
00002a31  abort                         
00002619  atoi                          
ffffffff  binit                         
00002923  copysign                      
00002923  copysignl                     
200012d4  errno                         
000024b9  frexp                         
000024b9  frexpl                        
20000000  g_pfnRAMVectors               
00000000  g_pfnVectors                  
000029e5  lcd_clear                     
00000e91  lcd_gotoLine                  
00000cf9  lcd_init                      
00000ef7  lcd_printf                    
00000db9  lcd_putc                      
00000df1  lcd_puts                      
00000cbd  lcd_reverseNibble             
00000e0f  lcd_sendCommand               
00000e4d  lcd_sendNibble                
00000eb9  lcd_setCursorPos              
00001dfd  ldexp                         
00001dfd  ldexpl                        
000027b1  main                          
00002907  memccpy                       
000020bb  memcpy                        
00002301  memset                        
00001629  ping_getDistance              
0000149d  ping_init                     
00001561  ping_trigger                  
00001dfd  scalbn                        
00001dfd  scalbnl                       
000026f1  sprintf                       
00002985  strchr                        
0000296d  strcmp                        
0000299b  strcpy                        
000029af  strlen                        
00001373  timer_getMicros               
0000131b  timer_getMillis               
00001255  timer_init                    
000012f7  timer_pause                   
00001309  timer_resume                  
000012cd  timer_stop                    
000013cd  timer_waitMicros              
000013ff  timer_waitMillis              
00002731  vsnprintf                     
000029c3  wcslen                        


GLOBAL SYMBOLS: SORTED BY Symbol Address 

address   name                          
-------   ----                          
00000000  __TI_static_base__            
00000000  g_pfnVectors                  
0000026d  __TI_printfi                  
00000cbb  __aeabi_idiv0                 
00000cbb  __aeabi_ldiv0                 
00000cbd  lcd_reverseNibble             
00000cf9  lcd_init                      
00000db9  lcd_putc                      
00000df1  lcd_puts                      
00000e0f  lcd_sendCommand               
00000e4d  lcd_sendNibble                
00000e91  lcd_gotoLine                  
00000eb9  lcd_setCursorPos              
00000ef7  lcd_printf                    
00001000  __STACK_SIZE                  
00001255  timer_init                    
000012cd  timer_stop                    
000012f7  timer_pause                   
00001309  timer_resume                  
0000131b  timer_getMillis               
00001373  timer_getMicros               
000013cd  timer_waitMicros              
000013ff  timer_waitMillis              
0000149d  ping_init                     
00001561  ping_trigger                  
000015e9  TIMER3B_Handler               
00001629  ping_getDistance              
000018ad  __aeabi_dsub                  
000018b7  __aeabi_dadd                  
00001ba1  __aeabi_ddiv                  
00001dfd  ldexp                         
00001dfd  ldexpl                        
00001dfd  scalbn                        
00001dfd  scalbnl                       
00001f0d  __aeabi_dmul                  
000020bb  __aeabi_memcpy                
000020bb  __aeabi_memcpy4               
000020bb  __aeabi_memcpy8               
000020bb  memcpy                        
00002157  __aeabi_uldivmod              
000021ed  __aeabi_cdcmpeq               
000021ed  __aeabi_cdcmple               
00002273  __aeabi_cdrcmple              
000022f9  __aeabi_memclr                
000022f9  __aeabi_memclr4               
000022f9  __aeabi_memclr8               
000022fb  __aeabi_memset                
000022fb  __aeabi_memset4               
000022fb  __aeabi_memset8               
00002301  memset                        
000023e1  __aeabi_d2f                   
0000244f  __TI_decompress_lzss          
000024b9  frexp                         
000024b9  frexpl                        
00002573  __TI_ltoa                     
00002619  atoi                          
00002665  __aeabi_d2iz                  
000026ad  __TI_auto_init_nobinit_nopinit
000026f1  sprintf                       
00002731  vsnprintf                     
000027b1  main                          
000027ed  __aeabi_f2d                   
00002825  IntRegister                   
00002859  _c_int00_noargs               
000028bd  __aeabi_i2d                   
000028eb  __TI_zero_init_nomemset       
00002907  memccpy                       
00002923  copysign                      
00002923  copysignl                     
0000296d  strcmp                        
00002985  strchr                        
0000299b  strcpy                        
000029af  strlen                        
000029c3  wcslen                        
000029d5  IntMasterEnable               
000029e5  lcd_clear                     
000029f5  __TI_decompress_none          
00002a03  CPUcpsie                      
00002a0f  ResetISR                      
00002a25  __aeabi_errno_addr            
00002a2d  _system_pre_init              
00002a31  C$$EXIT                       
00002a31  abort                         
00002a34  _ctypes_                      
00002b40  __TI_Handler_Table_Base       
00002b4c  __TI_Handler_Table_Limit      
00002b68  __TI_CINIT_Base               
00002b80  __TI_CINIT_Limit              
20000000  __start___llvm_prf_cnts       
20000000  __stop___llvm_prf_cnts        
20000000  g_pfnRAMVectors               
20000270  __stack                       
20000470  __STACK_TOP                   
20001270  __STACK_END                   
200012c4  _timeout_ticks                
200012c8  START_TIME                    
200012cc  END_TIME                      
200012d0  STATE                         
200012d1  _running                      
200012d4  errno                         
ffffffff  __TI_pprof_out_hndl           
ffffffff  __TI_prof_data_size           
ffffffff  __TI_prof_data_start          
ffffffff  __binit__                     
ffffffff  __c_args__                    
ffffffff  binit                         
UNDEFED   __mpu_init                    
UNDEFED   _system_post_cinit            

[108 symbols]
