******************************************************************************
                  TI ARM Linker PC v20.2.7                     
******************************************************************************
>> Linked Fri Apr  5 14:01:02 2024

OUTPUT FILE NAME:   <lab10.out>
ENTRY POINT SYMBOL: "_c_int00_noargs"  address: 00002731


MEMORY CONFIGURATION

         name            origin    length      used     unused   attr    fill
----------------------  --------  ---------  --------  --------  ----  --------
  FLASH                 00000000   00040000  00002a65  0003d59b  R  X
  SRAM                  20000000   00008000  000012ca  00006d36  RW X


SEGMENT ALLOCATION MAP

run origin  load origin   length   init length attrs members
----------  ----------- ---------- ----------- ----- -------
00000000    00000000    00002a68   00002a68    r-x
  00000000    00000000    0000026c   0000026c    r-- .intvecs
  0000026c    0000026c    000026b0   000026b0    r-x .text
  0000291c    0000291c    00000109   00000109    r-- .const
  00002a28    00002a28    00000040   00000040    r-- .cinit
20000000    20000000    000012ce   00000000    rw-
  20000000    20000000    0000026c   00000000    rw- .vtable
  20000270    20000270    00001000   00000000    rw- .stack
  20001270    20001270    00000058   00000000    rw- .bss
  200012c8    200012c8    00000006   00000000    rw- .data


SECTION ALLOCATION MAP

 output                                  attributes/
section   page    origin      length       input sections
--------  ----  ----------  ----------   ----------------
.intvecs   0    00000000    0000026c     
                  00000000    0000026c     tm4c123gh6pm_startup_ccs.obj (.intvecs)

.text      0    0000026c    000026b0     
                  0000026c    00000a4e     rtsv7M4_T_le_v4SPD16_eabi.lib : _printfi.c.obj (.text:__TI_printfi)
                  00000cba    00000002                                   : div0.asm.obj (.text)
                  00000cbc    00000328     lcd.obj (.text)
                  00000fe4    00000270     rtsv7M4_T_le_v4SPD16_eabi.lib : _printfi.c.obj (.text:_pconv_a)
                  00001254    00000248     Timer.obj (.text)
                  0000149c    000001d0     rtsv7M4_T_le_v4SPD16_eabi.lib : _printfi.c.obj (.text:_pconv_g)
                  0000166c    000001b6                                   : fd_add_t2.asm.obj (.text)
                  00001822    00000002     --HOLE-- [fill = 0]
                  00001824    0000017c     servo.obj (.text)
                  000019a0    0000013c     rtsv7M4_T_le_v4SPD16_eabi.lib : _printfi.c.obj (.text:_pconv_e)
                  00001adc    00000136                                   : fd_div_t2.asm.obj (.text)
                  00001c12    00000002     --HOLE-- [fill = 0]
                  00001c14    00000124                                   : _printfi.c.obj (.text:fcvt)
                  00001d38    00000110                                   : s_scalbn.c.obj (.text:scalbn)
                  00001e48    000000fc                                   : fd_mul_t2.asm.obj (.text)
                  00001f44    000000b1                                   : _printfi.c.obj (.text:_ltostr)
                  00001ff5    00000001     --HOLE-- [fill = 0]
                  00001ff6    0000009c                                   : memcpy_t2.asm.obj (.text)
                  00002092    00000096                                   : ull_div_t2.asm.obj (.text)
                  00002128    00000086                                   : fd_cmp_t2.asm.obj (.text:__aeabi_cdcmple)
                  000021ae    00000086                                   : fd_cmp_t2.asm.obj (.text:__aeabi_cdrcmple)
                  00002234    00000080     button.obj (.text)
                  000022b4    0000007a     rtsv7M4_T_le_v4SPD16_eabi.lib : memset_t2.asm.obj (.text)
                  0000232e    0000006e                                   : _printfi.c.obj (.text:_mcpy)
                  0000239c    00000068                                   : copy_decompress_lzss.c.obj (.text:decompress:lzss:__TI_decompress_lzss)
                  00002404    00000064                                   : s_frexp.c.obj (.text:frexp)
                  00002468    00000056                                   : _printfi.c.obj (.text:_pconv_f)
                  000024be    00000054                                   : _ltoa.c.obj (.text:__TI_ltoa)
                  00002512    00000052                                   : _printfi.c.obj (.text:_ecpy)
                  00002564    0000004c                                   : atoi.c.obj (.text:atoi)
                  000025b0    00000048                                   : fd_toi_t2.asm.obj (.text)
                  000025f8    00000044                                   : autoinit.c.obj (.text:__TI_auto_init_nobinit_nopinit:__TI_auto_init_nobinit_nopinit)
                  0000263c    00000040                                   : sprintf.c.obj (.text:sprintf)
                  0000267c    00000040                                   : vsnprintf.c.obj (.text:vsnprintf)
                  000026bc    0000003e                                   : _printfi.c.obj (.text:_fcpy)
                  000026fa    00000002     --HOLE-- [fill = 0]
                  000026fc    00000034     driverlib.lib : interrupt.obj (.text:IntRegister)
                  00002730    00000034     rtsv7M4_T_le_v4SPD16_eabi.lib : boot_cortex_m.c.obj (.text:_c_int00_noargs:_c_int00_noargs)
                  00002764    00000030                                   : vsnprintf.c.obj (.text:_outs)
                  00002794    0000002e                                   : i_tofd_t2.asm.obj (.text)
                  000027c2    0000002c     main.obj (.text)
                  000027ee    0000001c     rtsv7M4_T_le_v4SPD16_eabi.lib : copy_zero_init.c.obj (.text:decompress:ZI:__TI_zero_init_nomemset:__TI_zero_init_nomemset)
                  0000280a    0000001c                                   : memccpy.c.obj (.text:memccpy)
                  00002826    0000001a                                   : s_copysign.c.obj (.text:copysign)
                  00002840    00000018                                   : vsnprintf.c.obj (.text:_outc)
                  00002858    00000018                                   : sprintf.c.obj (.text:_outs)
                  00002870    00000018                                   : strcmp.c.obj (.text:strcmp)
                  00002888    00000016                                   : strchr.c.obj (.text:strchr)
                  0000289e    00000014                                   : strcpy.c.obj (.text:strcpy)
                  000028b2    00000014                                   : strlen.c.obj (.text:strlen)
                  000028c6    00000012                                   : wcslen.c.obj (.text:wcslen)
                  000028d8    00000010     lcd.obj (.text:lcd_clear)
                  000028e8    0000000e     rtsv7M4_T_le_v4SPD16_eabi.lib : copy_decompress_none.c.obj (.text:decompress:none:__TI_decompress_none)
                  000028f6    0000000c     tm4c123gh6pm_startup_ccs.obj (.text)
                  00002902    0000000a     rtsv7M4_T_le_v4SPD16_eabi.lib : sprintf.c.obj (.text:_outc)
                  0000290c    00000008                                   : errno.c.obj (.text:__aeabi_errno_addr)
                  00002914    00000004                                   : pre_init.c.obj (.text:_system_pre_init)
                  00002918    00000004                                   : exit.c.obj (.text:abort:abort)

.const     0    0000291c    00000109     
                  0000291c    00000101     rtsv7M4_T_le_v4SPD16_eabi.lib : ctype.c.obj (.const:.string:_ctypes_)
                  00002a1d    00000004     lcd.obj (.const:.string:lineAddress$1)
                  00002a21    00000004     lcd.obj (.const:.string:lineAddresses$2)

.cinit     0    00002a28    00000040     
                  00002a28    0000000c     (__TI_handler_table)
                  00002a34    00000004     --HOLE-- [fill = 0]
                  00002a38    00000008     (.cinit..bss.load) [load image, compression = zero_init]
                  00002a40    00000008     (.cinit..vtable.load) [load image, compression = zero_init]
                  00002a48    00000007     (.cinit..data.load) [load image, compression = lzss]
                  00002a4f    00000001     --HOLE-- [fill = 0]
                  00002a50    00000018     (__TI_cinit_table)

.init_array 
*          0    00000000    00000000     UNINITIALIZED

.vtable    0    20000000    0000026c     UNINITIALIZED
                  20000000    0000026c     driverlib.lib : interrupt.obj (.vtable)

.bss       0    20001270    00000058     UNINITIALIZED
                  20001270    00000054     lcd.obj (.bss:lastbuffer$3)
                  200012c4    00000004     (.common:_timeout_ticks)

.data      0    200012c8    00000006     UNINITIALIZED
                  200012c8    00000004     rtsv7M4_T_le_v4SPD16_eabi.lib : errno.c.obj (.data)
                  200012cc    00000001     Timer.obj (.data)
                  200012cd    00000001     button.obj (.data)

.stack     0    20000270    00001000     UNINITIALIZED
                  20000270    00000004     rtsv7M4_T_le_v4SPD16_eabi.lib : boot_cortex_m.c.obj (.stack)
                  20000274    00000ffc     --HOLE--

__llvm_prf_cnts 
*          0    20000000    00000000     UNINITIALIZED

MODULE SUMMARY

       Module                         code   ro data   rw data
       ------                         ----   -------   -------
    .\
       lcd.obj                        824    8         84     
       tm4c123gh6pm_startup_ccs.obj   12     620       0      
       Timer.obj                      584    0         5      
       servo.obj                      380    0         0      
       button.obj                     128    0         1      
       main.obj                       44     0         0      
    +--+------------------------------+------+---------+---------+
       Total:                         1972   628       90     
                                                              
    C:/ti/TivaWare_C_Series-2.2.0.295/driverlib/ccs/Debug/driverlib.lib
       interrupt.obj                  52     0         620    
    +--+------------------------------+------+---------+---------+
       Total:                         52     0         620    
                                                              
    C:\ti\ccs1230\ccs\tools\compiler\ti-cgt-arm_20.2.7.LTS\lib\rtsv7M4_T_le_v4SPD16_eabi.lib
       _printfi.c.obj                 4851   0         0      
       fd_add_t2.asm.obj              438    0         0      
       fd_div_t2.asm.obj              310    0         0      
       s_scalbn.c.obj                 272    0         0      
       fd_cmp_t2.asm.obj              268    0         0      
       ctype.c.obj                    0      257       0      
       fd_mul_t2.asm.obj              252    0         0      
       memcpy_t2.asm.obj              156    0         0      
       ull_div_t2.asm.obj             150    0         0      
       vsnprintf.c.obj                136    0         0      
       memset_t2.asm.obj              122    0         0      
       copy_decompress_lzss.c.obj     104    0         0      
       s_frexp.c.obj                  100    0         0      
       sprintf.c.obj                  98     0         0      
       _ltoa.c.obj                    84     0         0      
       atoi.c.obj                     76     0         0      
       fd_toi_t2.asm.obj              72     0         0      
       autoinit.c.obj                 68     0         0      
       boot_cortex_m.c.obj            52     0         0      
       i_tofd_t2.asm.obj              46     0         0      
       copy_zero_init.c.obj           28     0         0      
       memccpy.c.obj                  28     0         0      
       s_copysign.c.obj               26     0         0      
       strcmp.c.obj                   24     0         0      
       strchr.c.obj                   22     0         0      
       strcpy.c.obj                   20     0         0      
       strlen.c.obj                   20     0         0      
       wcslen.c.obj                   18     0         0      
       copy_decompress_none.c.obj     14     0         0      
       errno.c.obj                    8      0         4      
       exit.c.obj                     4      0         0      
       pre_init.c.obj                 4      0         0      
       div0.asm.obj                   2      0         0      
    +--+------------------------------+------+---------+---------+
       Total:                         7873   257       4      
                                                              
       Stack:                         0      0         4096   
       Linker Generated:              0      59        0      
    +--+------------------------------+------+---------+---------+
       Grand Total:                   9897   944       4810   


LINKER GENERATED COPY TABLES

__TI_cinit_table @ 00002a50 records: 3, size/record: 8, table size: 24
	.bss: load addr=00002a38, load size=00000008 bytes, run addr=20001270, run size=00000058 bytes, compression=zero_init
	.vtable: load addr=00002a40, load size=00000008 bytes, run addr=20000000, run size=0000026c bytes, compression=zero_init
	.data: load addr=00002a48, load size=00000007 bytes, run addr=200012c8, run size=00000006 bytes, compression=lzss


LINKER GENERATED HANDLER TABLE

__TI_handler_table @ 00002a28 records: 3, size/record: 4, table size: 12
	index: 0, handler: __TI_zero_init
	index: 1, handler: __TI_decompress_lzss
	index: 2, handler: __TI_decompress_none


GLOBAL SYMBOLS: SORTED ALPHABETICALLY BY Name 

address   name                          
-------   ----                          
00002919  C$$EXIT                       
000026fd  IntRegister                   
000028f7  ResetISR                      
20001270  __STACK_END                   
00001000  __STACK_SIZE                  
20000470  __STACK_TOP                   
00002a50  __TI_CINIT_Base               
00002a68  __TI_CINIT_Limit              
00002a28  __TI_Handler_Table_Base       
00002a34  __TI_Handler_Table_Limit      
000025f9  __TI_auto_init_nobinit_nopinit
0000239d  __TI_decompress_lzss          
000028e9  __TI_decompress_none          
000024bf  __TI_ltoa                     
ffffffff  __TI_pprof_out_hndl           
0000026d  __TI_printfi                  
ffffffff  __TI_prof_data_size           
ffffffff  __TI_prof_data_start          
00000000  __TI_static_base__            
000027ef  __TI_zero_init_nomemset       
00002129  __aeabi_cdcmpeq               
00002129  __aeabi_cdcmple               
000021af  __aeabi_cdrcmple              
000025b1  __aeabi_d2iz                  
00001677  __aeabi_dadd                  
00001add  __aeabi_ddiv                  
00001e49  __aeabi_dmul                  
0000166d  __aeabi_dsub                  
0000290d  __aeabi_errno_addr            
00002795  __aeabi_i2d                   
00000cbb  __aeabi_idiv0                 
00000cbb  __aeabi_ldiv0                 
000022b5  __aeabi_memclr                
000022b5  __aeabi_memclr4               
000022b5  __aeabi_memclr8               
00001ff7  __aeabi_memcpy                
00001ff7  __aeabi_memcpy4               
00001ff7  __aeabi_memcpy8               
000022b7  __aeabi_memset                
000022b7  __aeabi_memset4               
000022b7  __aeabi_memset8               
00002093  __aeabi_uldivmod              
ffffffff  __binit__                     
ffffffff  __c_args__                    
UNDEFED   __mpu_init                    
20000270  __stack                       
20000000  __start___llvm_prf_cnts       
20000000  __stop___llvm_prf_cnts        
00002731  _c_int00_noargs               
0000291c  _ctypes_                      
200012cc  _running                      
UNDEFED   _system_post_cinit            
00002915  _system_pre_init              
200012c4  _timeout_ticks                
00002919  abort                         
00002565  atoi                          
ffffffff  binit                         
00002269  button_getButton              
00002235  button_init                   
00002827  copysign                      
00002827  copysignl                     
200012c8  errno                         
00002405  frexp                         
00002405  frexpl                        
20000000  g_pfnRAMVectors               
00000000  g_pfnVectors                  
000028d9  lcd_clear                     
00000e91  lcd_gotoLine                  
00000cf9  lcd_init                      
00000ef7  lcd_printf                    
00000db9  lcd_putc                      
00000df1  lcd_puts                      
00000cbd  lcd_reverseNibble             
00000e0f  lcd_sendCommand               
00000e4d  lcd_sendNibble                
00000eb9  lcd_setCursorPos              
00001d39  ldexp                         
00001d39  ldexpl                        
000027c3  main                          
0000280b  memccpy                       
00001ff7  memcpy                        
000022bd  memset                        
00001d39  scalbn                        
00001d39  scalbnl                       
00001913  servo_calibrate               
00001825  servo_init                    
000018e1  servo_move                    
0000263d  sprintf                       
00002889  strchr                        
00002871  strcmp                        
0000289f  strcpy                        
000028b3  strlen                        
00001373  timer_getMicros               
0000131b  timer_getMillis               
00001255  timer_init                    
000012f7  timer_pause                   
00001309  timer_resume                  
000012cd  timer_stop                    
000013cd  timer_waitMicros              
000013ff  timer_waitMillis              
0000267d  vsnprintf                     
000028c7  wcslen                        


GLOBAL SYMBOLS: SORTED BY Symbol Address 

address   name                          
-------   ----                          
00000000  __TI_static_base__            
00000000  g_pfnVectors                  
0000026d  __TI_printfi                  
00000cbb  __aeabi_idiv0                 
00000cbb  __aeabi_ldiv0                 
00000cbd  lcd_reverseNibble             
00000cf9  lcd_init                      
00000db9  lcd_putc                      
00000df1  lcd_puts                      
00000e0f  lcd_sendCommand               
00000e4d  lcd_sendNibble                
00000e91  lcd_gotoLine                  
00000eb9  lcd_setCursorPos              
00000ef7  lcd_printf                    
00001000  __STACK_SIZE                  
00001255  timer_init                    
000012cd  timer_stop                    
000012f7  timer_pause                   
00001309  timer_resume                  
0000131b  timer_getMillis               
00001373  timer_getMicros               
000013cd  timer_waitMicros              
000013ff  timer_waitMillis              
0000166d  __aeabi_dsub                  
00001677  __aeabi_dadd                  
00001825  servo_init                    
000018e1  servo_move                    
00001913  servo_calibrate               
00001add  __aeabi_ddiv                  
00001d39  ldexp                         
00001d39  ldexpl                        
00001d39  scalbn                        
00001d39  scalbnl                       
00001e49  __aeabi_dmul                  
00001ff7  __aeabi_memcpy                
00001ff7  __aeabi_memcpy4               
00001ff7  __aeabi_memcpy8               
00001ff7  memcpy                        
00002093  __aeabi_uldivmod              
00002129  __aeabi_cdcmpeq               
00002129  __aeabi_cdcmple               
000021af  __aeabi_cdrcmple              
00002235  button_init                   
00002269  button_getButton              
000022b5  __aeabi_memclr                
000022b5  __aeabi_memclr4               
000022b5  __aeabi_memclr8               
000022b7  __aeabi_memset                
000022b7  __aeabi_memset4               
000022b7  __aeabi_memset8               
000022bd  memset                        
0000239d  __TI_decompress_lzss          
00002405  frexp                         
00002405  frexpl                        
000024bf  __TI_ltoa                     
00002565  atoi                          
000025b1  __aeabi_d2iz                  
000025f9  __TI_auto_init_nobinit_nopinit
0000263d  sprintf                       
0000267d  vsnprintf                     
000026fd  IntRegister                   
00002731  _c_int00_noargs               
00002795  __aeabi_i2d                   
000027c3  main                          
000027ef  __TI_zero_init_nomemset       
0000280b  memccpy                       
00002827  copysign                      
00002827  copysignl                     
00002871  strcmp                        
00002889  strchr                        
0000289f  strcpy                        
000028b3  strlen                        
000028c7  wcslen                        
000028d9  lcd_clear                     
000028e9  __TI_decompress_none          
000028f7  ResetISR                      
0000290d  __aeabi_errno_addr            
00002915  _system_pre_init              
00002919  C$$EXIT                       
00002919  abort                         
0000291c  _ctypes_                      
00002a28  __TI_Handler_Table_Base       
00002a34  __TI_Handler_Table_Limit      
00002a50  __TI_CINIT_Base               
00002a68  __TI_CINIT_Limit              
20000000  __start___llvm_prf_cnts       
20000000  __stop___llvm_prf_cnts        
20000000  g_pfnRAMVectors               
20000270  __stack                       
20000470  __STACK_TOP                   
20001270  __STACK_END                   
200012c4  _timeout_ticks                
200012c8  errno                         
200012cc  _running                      
ffffffff  __TI_pprof_out_hndl           
ffffffff  __TI_prof_data_size           
ffffffff  __TI_prof_data_start          
ffffffff  __binit__                     
ffffffff  __c_args__                    
ffffffff  binit                         
UNDEFED   __mpu_init                    
UNDEFED   _system_post_cinit            

[102 symbols]
