******************************************************************************
                  TI ARM Linker PC v20.2.7                     
******************************************************************************
>> Linked Fri Mar 22 14:28:00 2024

OUTPUT FILE NAME:   <lab07.out>
ENTRY POINT SYMBOL: "_c_int00_noargs"  address: 00004c89


MEMORY CONFIGURATION

         name            origin    length      used     unused   attr    fill
----------------------  --------  ---------  --------  --------  ----  --------
  FLASH                 00000000   00040000  0000503c  0003afc4  R  X
  SRAM                  20000000   00008000  00002336  00005cca  RW X


SEGMENT ALLOCATION MAP

run origin  load origin   length   init length attrs members
----------  ----------- ---------- ----------- ----- -------
00000000    00000000    00005040   00005040    r-x
  00000000    00000000    0000026c   0000026c    r-- .intvecs
  0000026c    0000026c    00004c60   00004c60    r-x .text
  00004ecc    00004ecc    00000118   00000118    r-- .const
  00004fe8    00004fe8    00000058   00000058    r-- .cinit
20000000    20000000    0000233d   00000000    rw-
  20000000    20000000    0000026c   00000000    rw- .vtable
  20000270    20000270    00001000   00000000    rw- .stack
  20001270    20001270    00001000   00000000    rw- .sysmem
  20002270    20002270    00000089   00000000    rw- .bss
  200022fc    200022fc    00000041   00000000    rw- .data


SECTION ALLOCATION MAP

 output                                  attributes/
section   page    origin      length       input sections
--------  ----  ----------  ----------   ----------------
.intvecs   0    00000000    0000026c     
                  00000000    0000026c     tm4c123gh6pm_startup_ccs.obj (.intvecs)

.text      0    0000026c    00004c60     
                  0000026c    00000c20     open_interface.obj (.text)
                  00000e8c    00000acc     main.obj (.text)
                  00001958    00000a4e     rtsv7M4_T_le_v4SPD16_eabi.lib : _printfi.c.obj (.text:__TI_printfi)
                  000023a6    00000002                                   : _lock.c.obj (.text:_nop)
                  000023a8    00000404     movement.obj (.text)
                  000027ac    00000328     lcd.obj (.text)
                  00002ad4    00000270     rtsv7M4_T_le_v4SPD16_eabi.lib : _printfi.c.obj (.text:_pconv_a)
                  00002d44    00000260     libcybotScan.lib : cyBot_Scan.obj (.text)
                  00002fa4    00000248     Timer.obj (.text)
                  000031ec    000001ec     libcybotScan.lib : ping.obj (.text)
                  000033d8    000001d0     rtsv7M4_T_le_v4SPD16_eabi.lib : _printfi.c.obj (.text:_pconv_g)
                  000035a8    000001b6                                   : fd_add_t2.asm.obj (.text)
                  0000375e    00000002                                   : div0.asm.obj (.text)
                  00003760    00000190     uart-interrupt.obj (.text)
                  000038f0    00000158     libcybotScan.lib : servo.obj (.text)
                  00003a48    0000013c     rtsv7M4_T_le_v4SPD16_eabi.lib : _printfi.c.obj (.text:_pconv_e)
                  00003b84    00000136                                   : fd_div_t2.asm.obj (.text)
                  00003cba    00000002     --HOLE-- [fill = 0]
                  00003cbc    00000124                                   : _printfi.c.obj (.text:fcvt)
                  00003de0    00000118     libcybotScan.lib : ir.obj (.text)
                  00003ef8    00000110     rtsv7M4_T_le_v4SPD16_eabi.lib : s_scalbn.c.obj (.text:scalbn)
                  00004008    00000100                                   : memory.c.obj (.text:aligned_alloc)
                  00004108    000000fc                                   : fd_mul_t2.asm.obj (.text)
                  00004204    000000e4                                   : memory.c.obj (.text:free)
                  000042e8    000000e4                                   : memory.c.obj (.text:realloc)
                  000043cc    000000b1                                   : _printfi.c.obj (.text:_ltostr)
                  0000447d    00000001     --HOLE-- [fill = 0]
                  0000447e    0000009c                                   : memcpy_t2.asm.obj (.text)
                  0000451a    00000096                                   : ull_div_t2.asm.obj (.text)
                  000045b0    00000086                                   : fd_cmp_t2.asm.obj (.text:__aeabi_cdcmple)
                  00004636    00000086                                   : fd_cmp_t2.asm.obj (.text:__aeabi_cdrcmple)
                  000046bc    0000007a                                   : memset_t2.asm.obj (.text)
                  00004736    00000002     --HOLE-- [fill = 0]
                  00004738    00000070                                   : memory.c.obj (.text:split)
                  000047a8    0000006e                                   : _printfi.c.obj (.text:_mcpy)
                  00004816    0000006e                                   : fd_tos_t2.asm.obj (.text)
                  00004884    00000068                                   : copy_decompress_lzss.c.obj (.text:decompress:lzss:__TI_decompress_lzss)
                  000048ec    00000064                                   : s_frexp.c.obj (.text:frexp)
                  00004950    00000056                                   : _printfi.c.obj (.text:_pconv_f)
                  000049a6    00000054                                   : _ltoa.c.obj (.text:__TI_ltoa)
                  000049fa    00000052                                   : _printfi.c.obj (.text:_ecpy)
                  00004a4c    0000004c                                   : atoi.c.obj (.text:atoi)
                  00004a98    00000048                                   : fd_toi_t2.asm.obj (.text)
                  00004ae0    00000044                                   : autoinit.c.obj (.text:__TI_auto_init_nobinit_nopinit:__TI_auto_init_nobinit_nopinit)
                  00004b24    00000040                                   : sprintf.c.obj (.text:sprintf)
                  00004b64    00000040                                   : vsnprintf.c.obj (.text:vsnprintf)
                  00004ba4    0000003e                                   : _printfi.c.obj (.text:_fcpy)
                  00004be2    00000002     --HOLE-- [fill = 0]
                  00004be4    00000038                                   : memory.c.obj (.text:calloc)
                  00004c1c    00000038                                   : fs_tod_t2.asm.obj (.text)
                  00004c54    00000034     driverlib.lib : interrupt.obj (.text:IntRegister)
                  00004c88    00000034     rtsv7M4_T_le_v4SPD16_eabi.lib : boot_cortex_m.c.obj (.text:_c_int00_noargs:_c_int00_noargs)
                  00004cbc    00000030                                   : vsnprintf.c.obj (.text:_outs)
                  00004cec    0000002e                                   : i_tofd_t2.asm.obj (.text)
                  00004d1a    00000002     --HOLE-- [fill = 0]
                  00004d1c    00000028                                   : memory.c.obj (.text:free_list_insert)
                  00004d44    0000001c                                   : copy_zero_init.c.obj (.text:decompress:ZI:__TI_zero_init_nomemset:__TI_zero_init_nomemset)
                  00004d60    0000001c                                   : memory.c.obj (.text:free_list_remove)
                  00004d7c    0000001c                                   : memccpy.c.obj (.text:memccpy)
                  00004d98    0000001a                                   : s_copysign.c.obj (.text:copysign)
                  00004db2    00000018                                   : vsnprintf.c.obj (.text:_outc)
                  00004dca    00000018                                   : sprintf.c.obj (.text:_outs)
                  00004de2    00000018     open_interface.obj (.text:oi_parseInt)
                  00004dfa    00000018     rtsv7M4_T_le_v4SPD16_eabi.lib : strcmp.c.obj (.text:strcmp)
                  00004e12    00000016                                   : strchr.c.obj (.text:strchr)
                  00004e28    00000014                                   : strcpy.c.obj (.text:strcpy)
                  00004e3c    00000014                                   : strlen.c.obj (.text:strlen)
                  00004e50    00000012                                   : wcslen.c.obj (.text:wcslen)
                  00004e62    00000010     driverlib.lib : interrupt.obj (.text:IntMasterEnable)
                  00004e72    00000010     lcd.obj (.text:lcd_clear)
                  00004e82    0000000e     rtsv7M4_T_le_v4SPD16_eabi.lib : copy_decompress_none.c.obj (.text:decompress:none:__TI_decompress_none)
                  00004e90    0000000c     driverlib.lib : cpu.obj (.text:CPUcpsie)
                  00004e9c    0000000c     tm4c123gh6pm_startup_ccs.obj (.text)
                  00004ea8    0000000a     rtsv7M4_T_le_v4SPD16_eabi.lib : sprintf.c.obj (.text:_outc)
                  00004eb2    00000002     --HOLE-- [fill = 0]
                  00004eb4    00000008                                   : errno.c.obj (.text:__aeabi_errno_addr)
                  00004ebc    00000008                                   : memory.c.obj (.text:malloc)
                  00004ec4    00000004                                   : pre_init.c.obj (.text:_system_pre_init)
                  00004ec8    00000004                                   : exit.c.obj (.text:abort:abort)

.const     0    00004ecc    00000118     
                  00004ecc    00000101     rtsv7M4_T_le_v4SPD16_eabi.lib : ctype.c.obj (.const:.string:_ctypes_)
                  00004fcd    0000000f     open_interface.obj (.const:.string:$P$T0$3)
                  00004fdc    00000004     lcd.obj (.const:.string:lineAddress$1)
                  00004fe0    00000004     lcd.obj (.const:.string:lineAddresses$2)

.cinit     0    00004fe8    00000058     
                  00004fe8    0000001f     (.cinit..data.load) [load image, compression = lzss]
                  00005007    00000001     --HOLE-- [fill = 0]
                  00005008    0000000c     (__TI_handler_table)
                  00005014    00000004     --HOLE-- [fill = 0]
                  00005018    00000008     (.cinit..bss.load) [load image, compression = zero_init]
                  00005020    00000008     (.cinit..vtable.load) [load image, compression = zero_init]
                  00005028    00000018     (__TI_cinit_table)

.init_array 
*          0    00000000    00000000     UNINITIALIZED

.vtable    0    20000000    0000026c     UNINITIALIZED
                  20000000    0000026c     driverlib.lib : interrupt.obj (.vtable)

.stack     0    20000270    00001000     UNINITIALIZED
                  20000270    00000004     rtsv7M4_T_le_v4SPD16_eabi.lib : boot_cortex_m.c.obj (.stack)
                  20000274    00000ffc     --HOLE--

.sysmem    0    20001270    00001000     UNINITIALIZED
                  20001270    00000010     rtsv7M4_T_le_v4SPD16_eabi.lib : memory.c.obj (.sysmem)
                  20001280    00000ff0     --HOLE--

.bss       0    20002270    00000089     UNINITIALIZED
                  20002270    00000054     lcd.obj (.bss:lastbuffer$3)
                  200022c4    00000018     open_interface.obj (.bss:firmware$2)
                  200022dc    00000004     (.common:_timeout_ticks)
                  200022e0    00000004     (.common:fallingEdge)
                  200022e4    00000004     (.common:isr_int_value)
                  200022e8    00000004     (.common:left_calibration_value)
                  200022ec    00000004     (.common:pulseLength)
                  200022f0    00000004     (.common:right_calibration_value)
                  200022f4    00000004     (.common:risingEdge)
                  200022f8    00000001     (.common:isRisingEdge)

.data      0    200022fc    00000041     UNINITIALIZED
                  200022fc    00000020     open_interface.obj (.data)
                  2000231c    00000008     rtsv7M4_T_le_v4SPD16_eabi.lib : _lock.c.obj (.data:$O1$$)
                  20002324    00000008                                   : memory.c.obj (.data:$O1$$)
                  2000232c    00000008     uart-interrupt.obj (.data)
                  20002334    00000004     libcybotScan.lib : cyBot_Scan.obj (.data)
                  20002338    00000004     rtsv7M4_T_le_v4SPD16_eabi.lib : errno.c.obj (.data)
                  2000233c    00000001     Timer.obj (.data)

__llvm_prf_cnts 
*          0    20000000    00000000     UNINITIALIZED

MODULE SUMMARY

       Module                         code    ro data   rw data
       ------                         ----    -------   -------
    .\
       open_interface.obj             3128    15        56     
       main.obj                       2764    0         8      
       movement.obj                   1028    0         0      
       lcd.obj                        824     8         84     
       tm4c123gh6pm_startup_ccs.obj   12      620       0      
       Timer.obj                      584     0         5      
       uart-interrupt.obj             400     0         8      
    +--+------------------------------+-------+---------+---------+
       Total:                         8740    643       161    
                                                               
    ../libcybotScan.lib
       cyBot_Scan.obj                 608     0         4      
       ping.obj                       492     0         13     
       servo.obj                      344     0         0      
       ir.obj                         280     0         4      
    +--+------------------------------+-------+---------+---------+
       Total:                         1724    0         21     
                                                               
    C:/ti/TivaWare_C_Series-2.2.0.295/driverlib/ccs/Debug/driverlib.lib
       interrupt.obj                  68      0         620    
       cpu.obj                        12      0         0      
    +--+------------------------------+-------+---------+---------+
       Total:                         80      0         620    
                                                               
    C:\ti\ccs1230\ccs\tools\compiler\ti-cgt-arm_20.2.7.LTS\lib\rtsv7M4_T_le_v4SPD16_eabi.lib
       _printfi.c.obj                 4851    0         0      
       memory.c.obj                   956     0         8      
       fd_add_t2.asm.obj              438     0         0      
       fd_div_t2.asm.obj              310     0         0      
       s_scalbn.c.obj                 272     0         0      
       fd_cmp_t2.asm.obj              268     0         0      
       ctype.c.obj                    0       257       0      
       fd_mul_t2.asm.obj              252     0         0      
       memcpy_t2.asm.obj              156     0         0      
       ull_div_t2.asm.obj             150     0         0      
       vsnprintf.c.obj                136     0         0      
       memset_t2.asm.obj              122     0         0      
       fd_tos_t2.asm.obj              110     0         0      
       copy_decompress_lzss.c.obj     104     0         0      
       s_frexp.c.obj                  100     0         0      
       sprintf.c.obj                  98      0         0      
       _ltoa.c.obj                    84      0         0      
       atoi.c.obj                     76      0         0      
       fd_toi_t2.asm.obj              72      0         0      
       autoinit.c.obj                 68      0         0      
       fs_tod_t2.asm.obj              56      0         0      
       boot_cortex_m.c.obj            52      0         0      
       i_tofd_t2.asm.obj              46      0         0      
       copy_zero_init.c.obj           28      0         0      
       memccpy.c.obj                  28      0         0      
       s_copysign.c.obj               26      0         0      
       strcmp.c.obj                   24      0         0      
       strchr.c.obj                   22      0         0      
       strcpy.c.obj                   20      0         0      
       strlen.c.obj                   20      0         0      
       wcslen.c.obj                   18      0         0      
       copy_decompress_none.c.obj     14      0         0      
       errno.c.obj                    8       0         4      
       _lock.c.obj                    2       0         8      
       exit.c.obj                     4       0         0      
       pre_init.c.obj                 4       0         0      
       div0.asm.obj                   2       0         0      
    +--+------------------------------+-------+---------+---------+
       Total:                         8997    257       20     
                                                               
       Heap:                          0       0         4096   
       Stack:                         0       0         4096   
       Linker Generated:              0       83        0      
    +--+------------------------------+-------+---------+---------+
       Grand Total:                   19541   983       9014   


LINKER GENERATED COPY TABLES

__TI_cinit_table @ 00005028 records: 3, size/record: 8, table size: 24
	.data: load addr=00004fe8, load size=0000001f bytes, run addr=200022fc, run size=00000041 bytes, compression=lzss
	.bss: load addr=00005018, load size=00000008 bytes, run addr=20002270, run size=00000089 bytes, compression=zero_init
	.vtable: load addr=00005020, load size=00000008 bytes, run addr=20000000, run size=0000026c bytes, compression=zero_init


LINKER GENERATED HANDLER TABLE

__TI_handler_table @ 00005008 records: 3, size/record: 4, table size: 12
	index: 0, handler: __TI_zero_init
	index: 1, handler: __TI_decompress_lzss
	index: 2, handler: __TI_decompress_none


GLOBAL SYMBOLS: SORTED ALPHABETICALLY BY Name 

address   name                          
-------   ----                          
00003e79  ADC0SS0_Handler               
00004ec9  C$$EXIT                       
00004e91  CPUcpsie                      
00000bc3  GPIOF_Handler                 
00004e63  IntMasterEnable               
00004c55  IntRegister                   
00004e9d  ResetISR                      
000032dd  TIMER3B_Handler               
00003869  UART1_Handler                 
20001270  __STACK_END                   
00001000  __STACK_SIZE                  
20000470  __STACK_TOP                   
00001000  __SYSMEM_SIZE                 
00005028  __TI_CINIT_Base               
00005040  __TI_CINIT_Limit              
00005008  __TI_Handler_Table_Base       
00005014  __TI_Handler_Table_Limit      
00004ae1  __TI_auto_init_nobinit_nopinit
00004885  __TI_decompress_lzss          
00004e83  __TI_decompress_none          
000049a7  __TI_ltoa                     
ffffffff  __TI_pprof_out_hndl           
00001959  __TI_printfi                  
ffffffff  __TI_prof_data_size           
ffffffff  __TI_prof_data_start          
00000000  __TI_static_base__            
00004d45  __TI_zero_init_nomemset       
000045b1  __aeabi_cdcmpeq               
000045b1  __aeabi_cdcmple               
00004637  __aeabi_cdrcmple              
00004817  __aeabi_d2f                   
00004a99  __aeabi_d2iz                  
000035b3  __aeabi_dadd                  
00003b85  __aeabi_ddiv                  
00004109  __aeabi_dmul                  
000035a9  __aeabi_dsub                  
00004eb5  __aeabi_errno_addr            
00004c1d  __aeabi_f2d                   
00004ced  __aeabi_i2d                   
0000375f  __aeabi_idiv0                 
0000375f  __aeabi_ldiv0                 
000046bd  __aeabi_memclr                
000046bd  __aeabi_memclr4               
000046bd  __aeabi_memclr8               
0000447f  __aeabi_memcpy                
0000447f  __aeabi_memcpy4               
0000447f  __aeabi_memcpy8               
000046bf  __aeabi_memset                
000046bf  __aeabi_memset4               
000046bf  __aeabi_memset8               
0000451b  __aeabi_uldivmod              
ffffffff  __binit__                     
ffffffff  __c_args__                    
UNDEFED   __mpu_init                    
20000270  __stack                       
20000000  __start___llvm_prf_cnts       
20000000  __stop___llvm_prf_cnts        
00004c89  _c_int00_noargs               
00004ecc  _ctypes_                      
2000231c  _lock                         
000023a7  _nop                          
2000233c  _running                      
20001270  _sys_memory                   
UNDEFED   _system_post_cinit            
00004ec5  _system_pre_init              
200022dc  _timeout_ticks                
20002320  _unlock                       
00004ec9  abort                         
00004009  aligned_alloc                 
00004a4d  atoi                          
ffffffff  binit                         
00004be5  calloc                        
2000232c  command_byte                  
20002330  command_flag                  
00004d99  copysign                      
00004d99  copysignl                     
00002e1d  cyBOT_SERVO_cal               
00002dab  cyBOT_Scan                    
00002d53  cyBOT_init_Scan               
20002334  cyBOT_scan_features           
00002d45  cyBOT_scan_version            
20002338  errno                         
200022e0  fallingEdge                   
00004205  free                          
000048ed  frexp                         
000048ed  frexpl                        
20000000  g_pfnRAMVectors               
00000000  g_pfnVectors                  
0000097f  go_charge                     
00003e8f  ir_enableInterrupt            
00003e71  ir_getDistance                
00003e49  ir_getValue                   
00003de1  ir_init                       
200022f8  isRisingEdge                  
200022e4  isr_int_value                 
00004e73  lcd_clear                     
00002981  lcd_gotoLine                  
000027e9  lcd_init                      
000029e7  lcd_printf                    
000028a9  lcd_putc                      
000028e1  lcd_puts                      
000027ad  lcd_reverseNibble             
000028ff  lcd_sendCommand               
0000293d  lcd_sendNibble                
000029a9  lcd_setCursorPos              
00003ef9  ldexp                         
00003ef9  ldexpl                        
200022e8  left_calibration_value        
00000e8d  main                          
00004ebd  malloc                        
00004009  memalign                      
00004d7d  memccpy                       
0000447f  memcpy                        
000046c5  memset                        
200022fc  motor_cal_factor_L            
20002300  motor_cal_factor_R            
00002573  move_backward                 
000023a9  move_forward                  
0000026d  oi_alloc                      
00000aa9  oi_checkFirmware              
000002c7  oi_close                      
00000279  oi_free                       
00000ded  oi_getMotorCalibrationLeft    
00000e01  oi_getMotorCalibrationRight   
000002b1  oi_init                       
00000289  oi_init_noupdate              
00000915  oi_loadSong                   
00004de3  oi_parseInt                   
0000032b  oi_parsePacket                
0000096b  oi_play_song                  
0000084b  oi_setLeds                    
00000db1  oi_setMotorCalibration        
0000088f  oi_setWheels                  
00000b51  oi_shutoff_init               
0000098d  oi_uartInit                   
00000a31  oi_uartReceive                
00000a77  oi_uartSendBuff               
00000a15  oi_uartSendChar               
00000a59  oi_uartSendStr                
000002d9  oi_update                     
0000332f  ping_getDistance              
000031ed  ping_init                     
00003273  ping_trigger                  
200022ec  pulseLength                   
000042e9  realloc                       
200022f0  right_calibration_value       
200022f4  risingEdge                    
00003ef9  scalbn                        
00003ef9  scalbnl                       
000038f1  servo_init                    
00003981  servo_move                    
000039e1  servo_setPWM                  
00003975  servo_stop                    
00004b25  sprintf                       
00004e13  strchr                        
00004dfb  strcmp                        
00004e29  strcpy                        
00004e3d  strlen                        
000030c3  timer_getMicros               
0000306b  timer_getMillis               
00002fa5  timer_init                    
00003047  timer_pause                   
00003059  timer_resume                  
0000301d  timer_stop                    
0000311d  timer_waitMicros              
0000314f  timer_waitMillis              
000026f7  turn_left                     
0000266b  turn_right                    
00003761  uart_interrupt_init           
00003829  uart_sendChar                 
00003847  uart_sendStr                  
00004b65  vsnprintf                     
00004e51  wcslen                        


GLOBAL SYMBOLS: SORTED BY Symbol Address 

address   name                          
-------   ----                          
00000000  __TI_static_base__            
00000000  g_pfnVectors                  
0000026d  oi_alloc                      
00000279  oi_free                       
00000289  oi_init_noupdate              
000002b1  oi_init                       
000002c7  oi_close                      
000002d9  oi_update                     
0000032b  oi_parsePacket                
0000084b  oi_setLeds                    
0000088f  oi_setWheels                  
00000915  oi_loadSong                   
0000096b  oi_play_song                  
0000097f  go_charge                     
0000098d  oi_uartInit                   
00000a15  oi_uartSendChar               
00000a31  oi_uartReceive                
00000a59  oi_uartSendStr                
00000a77  oi_uartSendBuff               
00000aa9  oi_checkFirmware              
00000b51  oi_shutoff_init               
00000bc3  GPIOF_Handler                 
00000db1  oi_setMotorCalibration        
00000ded  oi_getMotorCalibrationLeft    
00000e01  oi_getMotorCalibrationRight   
00000e8d  main                          
00001000  __STACK_SIZE                  
00001000  __SYSMEM_SIZE                 
00001959  __TI_printfi                  
000023a7  _nop                          
000023a9  move_forward                  
00002573  move_backward                 
0000266b  turn_right                    
000026f7  turn_left                     
000027ad  lcd_reverseNibble             
000027e9  lcd_init                      
000028a9  lcd_putc                      
000028e1  lcd_puts                      
000028ff  lcd_sendCommand               
0000293d  lcd_sendNibble                
00002981  lcd_gotoLine                  
000029a9  lcd_setCursorPos              
000029e7  lcd_printf                    
00002d45  cyBOT_scan_version            
00002d53  cyBOT_init_Scan               
00002dab  cyBOT_Scan                    
00002e1d  cyBOT_SERVO_cal               
00002fa5  timer_init                    
0000301d  timer_stop                    
00003047  timer_pause                   
00003059  timer_resume                  
0000306b  timer_getMillis               
000030c3  timer_getMicros               
0000311d  timer_waitMicros              
0000314f  timer_waitMillis              
000031ed  ping_init                     
00003273  ping_trigger                  
000032dd  TIMER3B_Handler               
0000332f  ping_getDistance              
000035a9  __aeabi_dsub                  
000035b3  __aeabi_dadd                  
0000375f  __aeabi_idiv0                 
0000375f  __aeabi_ldiv0                 
00003761  uart_interrupt_init           
00003829  uart_sendChar                 
00003847  uart_sendStr                  
00003869  UART1_Handler                 
000038f1  servo_init                    
00003975  servo_stop                    
00003981  servo_move                    
000039e1  servo_setPWM                  
00003b85  __aeabi_ddiv                  
00003de1  ir_init                       
00003e49  ir_getValue                   
00003e71  ir_getDistance                
00003e79  ADC0SS0_Handler               
00003e8f  ir_enableInterrupt            
00003ef9  ldexp                         
00003ef9  ldexpl                        
00003ef9  scalbn                        
00003ef9  scalbnl                       
00004009  aligned_alloc                 
00004009  memalign                      
00004109  __aeabi_dmul                  
00004205  free                          
000042e9  realloc                       
0000447f  __aeabi_memcpy                
0000447f  __aeabi_memcpy4               
0000447f  __aeabi_memcpy8               
0000447f  memcpy                        
0000451b  __aeabi_uldivmod              
000045b1  __aeabi_cdcmpeq               
000045b1  __aeabi_cdcmple               
00004637  __aeabi_cdrcmple              
000046bd  __aeabi_memclr                
000046bd  __aeabi_memclr4               
000046bd  __aeabi_memclr8               
000046bf  __aeabi_memset                
000046bf  __aeabi_memset4               
000046bf  __aeabi_memset8               
000046c5  memset                        
00004817  __aeabi_d2f                   
00004885  __TI_decompress_lzss          
000048ed  frexp                         
000048ed  frexpl                        
000049a7  __TI_ltoa                     
00004a4d  atoi                          
00004a99  __aeabi_d2iz                  
00004ae1  __TI_auto_init_nobinit_nopinit
00004b25  sprintf                       
00004b65  vsnprintf                     
00004be5  calloc                        
00004c1d  __aeabi_f2d                   
00004c55  IntRegister                   
00004c89  _c_int00_noargs               
00004ced  __aeabi_i2d                   
00004d45  __TI_zero_init_nomemset       
00004d7d  memccpy                       
00004d99  copysign                      
00004d99  copysignl                     
00004de3  oi_parseInt                   
00004dfb  strcmp                        
00004e13  strchr                        
00004e29  strcpy                        
00004e3d  strlen                        
00004e51  wcslen                        
00004e63  IntMasterEnable               
00004e73  lcd_clear                     
00004e83  __TI_decompress_none          
00004e91  CPUcpsie                      
00004e9d  ResetISR                      
00004eb5  __aeabi_errno_addr            
00004ebd  malloc                        
00004ec5  _system_pre_init              
00004ec9  C$$EXIT                       
00004ec9  abort                         
00004ecc  _ctypes_                      
00005008  __TI_Handler_Table_Base       
00005014  __TI_Handler_Table_Limit      
00005028  __TI_CINIT_Base               
00005040  __TI_CINIT_Limit              
20000000  __start___llvm_prf_cnts       
20000000  __stop___llvm_prf_cnts        
20000000  g_pfnRAMVectors               
20000270  __stack                       
20000470  __STACK_TOP                   
20001270  __STACK_END                   
20001270  _sys_memory                   
200022dc  _timeout_ticks                
200022e0  fallingEdge                   
200022e4  isr_int_value                 
200022e8  left_calibration_value        
200022ec  pulseLength                   
200022f0  right_calibration_value       
200022f4  risingEdge                    
200022f8  isRisingEdge                  
200022fc  motor_cal_factor_L            
20002300  motor_cal_factor_R            
2000231c  _lock                         
20002320  _unlock                       
2000232c  command_byte                  
20002330  command_flag                  
20002334  cyBOT_scan_features           
20002338  errno                         
2000233c  _running                      
ffffffff  __TI_pprof_out_hndl           
ffffffff  __TI_prof_data_size           
ffffffff  __TI_prof_data_start          
ffffffff  __binit__                     
ffffffff  __c_args__                    
ffffffff  binit                         
UNDEFED   __mpu_init                    
UNDEFED   _system_post_cinit            

[173 symbols]
