******************************************************************************
                  TI ARM Linker PC v20.2.7                     
******************************************************************************
>> Linked Fri Mar  8 13:58:58 2024

OUTPUT FILE NAME:   <lab07.out>
ENTRY POINT SYMBOL: "_c_int00_noargs"  address: 00004b45


MEMORY CONFIGURATION

         name            origin    length      used     unused   attr    fill
----------------------  --------  ---------  --------  --------  ----  --------
  FLASH                 00000000   00040000  00004ef8  0003b108  R  X
  SRAM                  20000000   00008000  00002336  00005cca  RW X


SEGMENT ALLOCATION MAP

run origin  load origin   length   init length attrs members
----------  ----------- ---------- ----------- ----- -------
00000000    00000000    00004ef8   00004ef8    r-x
  00000000    00000000    0000026c   0000026c    r-- .intvecs
  0000026c    0000026c    00004b1c   00004b1c    r-x .text
  00004d88    00004d88    00000118   00000118    r-- .const
  00004ea0    00004ea0    00000058   00000058    r-- .cinit
20000000    20000000    0000233d   00000000    rw-
  20000000    20000000    0000026c   00000000    rw- .vtable
  20000270    20000270    00001000   00000000    rw- .stack
  20001270    20001270    00001000   00000000    rw- .sysmem
  20002270    20002270    00000089   00000000    rw- .bss
  200022fc    200022fc    00000041   00000000    rw- .data


SECTION ALLOCATION MAP

 output                                  attributes/
section   page    origin      length       input sections
--------  ----  ----------  ----------   ----------------
.intvecs   0    00000000    0000026c     
                  00000000    0000026c     tm4c123gh6pm_startup_ccs.obj (.intvecs)

.text      0    0000026c    00004b1c     
                  0000026c    00000c20     open_interface.obj (.text)
                  00000e8c    00000a4e     rtsv7M4_T_le_v4SPD16_eabi.lib : _printfi.c.obj (.text:__TI_printfi)
                  000018da    00000002                                   : _lock.c.obj (.text:_nop)
                  000018dc    0000099c     main.obj (.text)
                  00002278    000003f0     movement.obj (.text)
                  00002668    00000328     lcd.obj (.text)
                  00002990    00000270     rtsv7M4_T_le_v4SPD16_eabi.lib : _printfi.c.obj (.text:_pconv_a)
                  00002c00    00000260     libcybotScan.lib : cyBot_Scan.obj (.text)
                  00002e60    00000248     Timer.obj (.text)
                  000030a8    000001ec     libcybotScan.lib : ping.obj (.text)
                  00003294    000001d0     rtsv7M4_T_le_v4SPD16_eabi.lib : _printfi.c.obj (.text:_pconv_g)
                  00003464    000001b6                                   : fd_add_t2.asm.obj (.text)
                  0000361a    00000002                                   : div0.asm.obj (.text)
                  0000361c    00000190     uart-interrupt.obj (.text)
                  000037ac    00000158     libcybotScan.lib : servo.obj (.text)
                  00003904    0000013c     rtsv7M4_T_le_v4SPD16_eabi.lib : _printfi.c.obj (.text:_pconv_e)
                  00003a40    00000136                                   : fd_div_t2.asm.obj (.text)
                  00003b76    00000002     --HOLE-- [fill = 0]
                  00003b78    00000124                                   : _printfi.c.obj (.text:fcvt)
                  00003c9c    00000118     libcybotScan.lib : ir.obj (.text)
                  00003db4    00000110     rtsv7M4_T_le_v4SPD16_eabi.lib : s_scalbn.c.obj (.text:scalbn)
                  00003ec4    00000100                                   : memory.c.obj (.text:aligned_alloc)
                  00003fc4    000000fc                                   : fd_mul_t2.asm.obj (.text)
                  000040c0    000000e4                                   : memory.c.obj (.text:free)
                  000041a4    000000e4                                   : memory.c.obj (.text:realloc)
                  00004288    000000b1                                   : _printfi.c.obj (.text:_ltostr)
                  00004339    00000001     --HOLE-- [fill = 0]
                  0000433a    0000009c                                   : memcpy_t2.asm.obj (.text)
                  000043d6    00000096                                   : ull_div_t2.asm.obj (.text)
                  0000446c    00000086                                   : fd_cmp_t2.asm.obj (.text:__aeabi_cdcmple)
                  000044f2    00000086                                   : fd_cmp_t2.asm.obj (.text:__aeabi_cdrcmple)
                  00004578    0000007a                                   : memset_t2.asm.obj (.text)
                  000045f2    00000002     --HOLE-- [fill = 0]
                  000045f4    00000070                                   : memory.c.obj (.text:split)
                  00004664    0000006e                                   : _printfi.c.obj (.text:_mcpy)
                  000046d2    0000006e                                   : fd_tos_t2.asm.obj (.text)
                  00004740    00000068                                   : copy_decompress_lzss.c.obj (.text:decompress:lzss:__TI_decompress_lzss)
                  000047a8    00000064                                   : s_frexp.c.obj (.text:frexp)
                  0000480c    00000056                                   : _printfi.c.obj (.text:_pconv_f)
                  00004862    00000054                                   : _ltoa.c.obj (.text:__TI_ltoa)
                  000048b6    00000052                                   : _printfi.c.obj (.text:_ecpy)
                  00004908    0000004c                                   : atoi.c.obj (.text:atoi)
                  00004954    00000048                                   : fd_toi_t2.asm.obj (.text)
                  0000499c    00000044                                   : autoinit.c.obj (.text:__TI_auto_init_nobinit_nopinit:__TI_auto_init_nobinit_nopinit)
                  000049e0    00000040                                   : sprintf.c.obj (.text:sprintf)
                  00004a20    00000040                                   : vsnprintf.c.obj (.text:vsnprintf)
                  00004a60    0000003e                                   : _printfi.c.obj (.text:_fcpy)
                  00004a9e    00000002     --HOLE-- [fill = 0]
                  00004aa0    00000038                                   : memory.c.obj (.text:calloc)
                  00004ad8    00000038                                   : fs_tod_t2.asm.obj (.text)
                  00004b10    00000034     driverlib.lib : interrupt.obj (.text:IntRegister)
                  00004b44    00000034     rtsv7M4_T_le_v4SPD16_eabi.lib : boot_cortex_m.c.obj (.text:_c_int00_noargs:_c_int00_noargs)
                  00004b78    00000030                                   : vsnprintf.c.obj (.text:_outs)
                  00004ba8    0000002e                                   : i_tofd_t2.asm.obj (.text)
                  00004bd6    00000002     --HOLE-- [fill = 0]
                  00004bd8    00000028                                   : memory.c.obj (.text:free_list_insert)
                  00004c00    0000001c                                   : copy_zero_init.c.obj (.text:decompress:ZI:__TI_zero_init_nomemset:__TI_zero_init_nomemset)
                  00004c1c    0000001c                                   : memory.c.obj (.text:free_list_remove)
                  00004c38    0000001c                                   : memccpy.c.obj (.text:memccpy)
                  00004c54    0000001a                                   : s_copysign.c.obj (.text:copysign)
                  00004c6e    00000018                                   : vsnprintf.c.obj (.text:_outc)
                  00004c86    00000018                                   : sprintf.c.obj (.text:_outs)
                  00004c9e    00000018     open_interface.obj (.text:oi_parseInt)
                  00004cb6    00000018     rtsv7M4_T_le_v4SPD16_eabi.lib : strcmp.c.obj (.text:strcmp)
                  00004cce    00000016                                   : strchr.c.obj (.text:strchr)
                  00004ce4    00000014                                   : strcpy.c.obj (.text:strcpy)
                  00004cf8    00000014                                   : strlen.c.obj (.text:strlen)
                  00004d0c    00000012                                   : wcslen.c.obj (.text:wcslen)
                  00004d1e    00000010     driverlib.lib : interrupt.obj (.text:IntMasterEnable)
                  00004d2e    00000010     lcd.obj (.text:lcd_clear)
                  00004d3e    0000000e     rtsv7M4_T_le_v4SPD16_eabi.lib : copy_decompress_none.c.obj (.text:decompress:none:__TI_decompress_none)
                  00004d4c    0000000c     driverlib.lib : cpu.obj (.text:CPUcpsie)
                  00004d58    0000000c     tm4c123gh6pm_startup_ccs.obj (.text)
                  00004d64    0000000a     rtsv7M4_T_le_v4SPD16_eabi.lib : sprintf.c.obj (.text:_outc)
                  00004d6e    00000002     --HOLE-- [fill = 0]
                  00004d70    00000008                                   : errno.c.obj (.text:__aeabi_errno_addr)
                  00004d78    00000008                                   : memory.c.obj (.text:malloc)
                  00004d80    00000004                                   : pre_init.c.obj (.text:_system_pre_init)
                  00004d84    00000004                                   : exit.c.obj (.text:abort:abort)

.const     0    00004d88    00000118     
                  00004d88    00000101     rtsv7M4_T_le_v4SPD16_eabi.lib : ctype.c.obj (.const:.string:_ctypes_)
                  00004e89    0000000f     open_interface.obj (.const:.string:$P$T0$3)
                  00004e98    00000004     lcd.obj (.const:.string:lineAddress$1)
                  00004e9c    00000004     lcd.obj (.const:.string:lineAddresses$2)

.cinit     0    00004ea0    00000058     
                  00004ea0    0000001f     (.cinit..data.load) [load image, compression = lzss]
                  00004ebf    00000001     --HOLE-- [fill = 0]
                  00004ec0    0000000c     (__TI_handler_table)
                  00004ecc    00000004     --HOLE-- [fill = 0]
                  00004ed0    00000008     (.cinit..bss.load) [load image, compression = zero_init]
                  00004ed8    00000008     (.cinit..vtable.load) [load image, compression = zero_init]
                  00004ee0    00000018     (__TI_cinit_table)

.init_array 
*          0    00000000    00000000     UNINITIALIZED

.vtable    0    20000000    0000026c     UNINITIALIZED
                  20000000    0000026c     driverlib.lib : interrupt.obj (.vtable)

.stack     0    20000270    00001000     UNINITIALIZED
                  20000270    00000004     rtsv7M4_T_le_v4SPD16_eabi.lib : boot_cortex_m.c.obj (.stack)
                  20000274    00000ffc     --HOLE--

.sysmem    0    20001270    00001000     UNINITIALIZED
                  20001270    00000010     rtsv7M4_T_le_v4SPD16_eabi.lib : memory.c.obj (.sysmem)
                  20001280    00000ff0     --HOLE--

.bss       0    20002270    00000089     UNINITIALIZED
                  20002270    00000054     lcd.obj (.bss:lastbuffer$3)
                  200022c4    00000018     open_interface.obj (.bss:firmware$2)
                  200022dc    00000004     (.common:_timeout_ticks)
                  200022e0    00000004     (.common:fallingEdge)
                  200022e4    00000004     (.common:isr_int_value)
                  200022e8    00000004     (.common:left_calibration_value)
                  200022ec    00000004     (.common:pulseLength)
                  200022f0    00000004     (.common:right_calibration_value)
                  200022f4    00000004     (.common:risingEdge)
                  200022f8    00000001     (.common:isRisingEdge)

.data      0    200022fc    00000041     UNINITIALIZED
                  200022fc    00000020     open_interface.obj (.data)
                  2000231c    00000008     rtsv7M4_T_le_v4SPD16_eabi.lib : _lock.c.obj (.data:$O1$$)
                  20002324    00000008                                   : memory.c.obj (.data:$O1$$)
                  2000232c    00000008     uart-interrupt.obj (.data)
                  20002334    00000004     libcybotScan.lib : cyBot_Scan.obj (.data)
                  20002338    00000004     rtsv7M4_T_le_v4SPD16_eabi.lib : errno.c.obj (.data)
                  2000233c    00000001     Timer.obj (.data)

__llvm_prf_cnts 
*          0    20000000    00000000     UNINITIALIZED

MODULE SUMMARY

       Module                         code    ro data   rw data
       ------                         ----    -------   -------
    .\
       open_interface.obj             3128    15        56     
       main.obj                       2460    0         8      
       movement.obj                   1008    0         0      
       lcd.obj                        824     8         84     
       tm4c123gh6pm_startup_ccs.obj   12      620       0      
       Timer.obj                      584     0         5      
       uart-interrupt.obj             400     0         8      
    +--+------------------------------+-------+---------+---------+
       Total:                         8416    643       161    
                                                               
    ../libcybotScan.lib
       cyBot_Scan.obj                 608     0         4      
       ping.obj                       492     0         13     
       servo.obj                      344     0         0      
       ir.obj                         280     0         4      
    +--+------------------------------+-------+---------+---------+
       Total:                         1724    0         21     
                                                               
    C:/ti/TivaWare_C_Series-2.2.0.295/driverlib/ccs/Debug/driverlib.lib
       interrupt.obj                  68      0         620    
       cpu.obj                        12      0         0      
    +--+------------------------------+-------+---------+---------+
       Total:                         80      0         620    
                                                               
    C:\ti\ccs1230\ccs\tools\compiler\ti-cgt-arm_20.2.7.LTS\lib\rtsv7M4_T_le_v4SPD16_eabi.lib
       _printfi.c.obj                 4851    0         0      
       memory.c.obj                   956     0         8      
       fd_add_t2.asm.obj              438     0         0      
       fd_div_t2.asm.obj              310     0         0      
       s_scalbn.c.obj                 272     0         0      
       fd_cmp_t2.asm.obj              268     0         0      
       ctype.c.obj                    0       257       0      
       fd_mul_t2.asm.obj              252     0         0      
       memcpy_t2.asm.obj              156     0         0      
       ull_div_t2.asm.obj             150     0         0      
       vsnprintf.c.obj                136     0         0      
       memset_t2.asm.obj              122     0         0      
       fd_tos_t2.asm.obj              110     0         0      
       copy_decompress_lzss.c.obj     104     0         0      
       s_frexp.c.obj                  100     0         0      
       sprintf.c.obj                  98      0         0      
       _ltoa.c.obj                    84      0         0      
       atoi.c.obj                     76      0         0      
       fd_toi_t2.asm.obj              72      0         0      
       autoinit.c.obj                 68      0         0      
       fs_tod_t2.asm.obj              56      0         0      
       boot_cortex_m.c.obj            52      0         0      
       i_tofd_t2.asm.obj              46      0         0      
       copy_zero_init.c.obj           28      0         0      
       memccpy.c.obj                  28      0         0      
       s_copysign.c.obj               26      0         0      
       strcmp.c.obj                   24      0         0      
       strchr.c.obj                   22      0         0      
       strcpy.c.obj                   20      0         0      
       strlen.c.obj                   20      0         0      
       wcslen.c.obj                   18      0         0      
       copy_decompress_none.c.obj     14      0         0      
       errno.c.obj                    8       0         4      
       _lock.c.obj                    2       0         8      
       exit.c.obj                     4       0         0      
       pre_init.c.obj                 4       0         0      
       div0.asm.obj                   2       0         0      
    +--+------------------------------+-------+---------+---------+
       Total:                         8997    257       20     
                                                               
       Heap:                          0       0         4096   
       Stack:                         0       0         4096   
       Linker Generated:              0       83        0      
    +--+------------------------------+-------+---------+---------+
       Grand Total:                   19217   983       9014   


LINKER GENERATED COPY TABLES

__TI_cinit_table @ 00004ee0 records: 3, size/record: 8, table size: 24
	.data: load addr=00004ea0, load size=0000001f bytes, run addr=200022fc, run size=00000041 bytes, compression=lzss
	.bss: load addr=00004ed0, load size=00000008 bytes, run addr=20002270, run size=00000089 bytes, compression=zero_init
	.vtable: load addr=00004ed8, load size=00000008 bytes, run addr=20000000, run size=0000026c bytes, compression=zero_init


LINKER GENERATED HANDLER TABLE

__TI_handler_table @ 00004ec0 records: 3, size/record: 4, table size: 12
	index: 0, handler: __TI_zero_init
	index: 1, handler: __TI_decompress_lzss
	index: 2, handler: __TI_decompress_none


GLOBAL SYMBOLS: SORTED ALPHABETICALLY BY Name 

address   name                          
-------   ----                          
00003d35  ADC0SS0_Handler               
00004d85  C$$EXIT                       
00004d4d  CPUcpsie                      
00000bc3  GPIOF_Handler                 
00004d1f  IntMasterEnable               
00004b11  IntRegister                   
00004d59  ResetISR                      
00003199  TIMER3B_Handler               
00003725  UART1_Handler                 
20001270  __STACK_END                   
00001000  __STACK_SIZE                  
20000470  __STACK_TOP                   
00001000  __SYSMEM_SIZE                 
00004ee0  __TI_CINIT_Base               
00004ef8  __TI_CINIT_Limit              
00004ec0  __TI_Handler_Table_Base       
00004ecc  __TI_Handler_Table_Limit      
0000499d  __TI_auto_init_nobinit_nopinit
00004741  __TI_decompress_lzss          
00004d3f  __TI_decompress_none          
00004863  __TI_ltoa                     
ffffffff  __TI_pprof_out_hndl           
00000e8d  __TI_printfi                  
ffffffff  __TI_prof_data_size           
ffffffff  __TI_prof_data_start          
00000000  __TI_static_base__            
00004c01  __TI_zero_init_nomemset       
0000446d  __aeabi_cdcmpeq               
0000446d  __aeabi_cdcmple               
000044f3  __aeabi_cdrcmple              
000046d3  __aeabi_d2f                   
00004955  __aeabi_d2iz                  
0000346f  __aeabi_dadd                  
00003a41  __aeabi_ddiv                  
00003fc5  __aeabi_dmul                  
00003465  __aeabi_dsub                  
00004d71  __aeabi_errno_addr            
00004ad9  __aeabi_f2d                   
00004ba9  __aeabi_i2d                   
0000361b  __aeabi_idiv0                 
0000361b  __aeabi_ldiv0                 
00004579  __aeabi_memclr                
00004579  __aeabi_memclr4               
00004579  __aeabi_memclr8               
0000433b  __aeabi_memcpy                
0000433b  __aeabi_memcpy4               
0000433b  __aeabi_memcpy8               
0000457b  __aeabi_memset                
0000457b  __aeabi_memset4               
0000457b  __aeabi_memset8               
000043d7  __aeabi_uldivmod              
ffffffff  __binit__                     
ffffffff  __c_args__                    
UNDEFED   __mpu_init                    
20000270  __stack                       
20000000  __start___llvm_prf_cnts       
20000000  __stop___llvm_prf_cnts        
00004b45  _c_int00_noargs               
00004d88  _ctypes_                      
2000231c  _lock                         
000018db  _nop                          
2000233c  _running                      
20001270  _sys_memory                   
UNDEFED   _system_post_cinit            
00004d81  _system_pre_init              
200022dc  _timeout_ticks                
20002320  _unlock                       
00004d85  abort                         
00003ec5  aligned_alloc                 
00004909  atoi                          
ffffffff  binit                         
00004aa1  calloc                        
2000232c  command_byte                  
20002330  command_flag                  
00004c55  copysign                      
00004c55  copysignl                     
00002cd9  cyBOT_SERVO_cal               
00002c67  cyBOT_Scan                    
00002c0f  cyBOT_init_Scan               
20002334  cyBOT_scan_features           
00002c01  cyBOT_scan_version            
20002338  errno                         
200022e0  fallingEdge                   
000040c1  free                          
000047a9  frexp                         
000047a9  frexpl                        
20000000  g_pfnRAMVectors               
00000000  g_pfnVectors                  
0000097f  go_charge                     
00003d4b  ir_enableInterrupt            
00003d2d  ir_getDistance                
00003d05  ir_getValue                   
00003c9d  ir_init                       
200022f8  isRisingEdge                  
200022e4  isr_int_value                 
00004d2f  lcd_clear                     
0000283d  lcd_gotoLine                  
000026a5  lcd_init                      
000028a3  lcd_printf                    
00002765  lcd_putc                      
0000279d  lcd_puts                      
00002669  lcd_reverseNibble             
000027bb  lcd_sendCommand               
000027f9  lcd_sendNibble                
00002865  lcd_setCursorPos              
00003db5  ldexp                         
00003db5  ldexpl                        
200022e8  left_calibration_value        
000018dd  main                          
00004d79  malloc                        
00003ec5  memalign                      
00004c39  memccpy                       
0000433b  memcpy                        
00004581  memset                        
200022fc  motor_cal_factor_L            
20002300  motor_cal_factor_R            
00002433  move_backward                 
00002279  move_forward                  
0000026d  oi_alloc                      
00000aa9  oi_checkFirmware              
000002c7  oi_close                      
00000279  oi_free                       
00000ded  oi_getMotorCalibrationLeft    
00000e01  oi_getMotorCalibrationRight   
000002b1  oi_init                       
00000289  oi_init_noupdate              
00000915  oi_loadSong                   
00004c9f  oi_parseInt                   
0000032b  oi_parsePacket                
0000096b  oi_play_song                  
0000084b  oi_setLeds                    
00000db1  oi_setMotorCalibration        
0000088f  oi_setWheels                  
00000b51  oi_shutoff_init               
0000098d  oi_uartInit                   
00000a31  oi_uartReceive                
00000a77  oi_uartSendBuff               
00000a15  oi_uartSendChar               
00000a59  oi_uartSendStr                
000002d9  oi_update                     
000031eb  ping_getDistance              
000030a9  ping_init                     
0000312f  ping_trigger                  
200022ec  pulseLength                   
000041a5  realloc                       
200022f0  right_calibration_value       
200022f4  risingEdge                    
00003db5  scalbn                        
00003db5  scalbnl                       
000037ad  servo_init                    
0000383d  servo_move                    
0000389d  servo_setPWM                  
00003831  servo_stop                    
000049e1  sprintf                       
00004ccf  strchr                        
00004cb7  strcmp                        
00004ce5  strcpy                        
00004cf9  strlen                        
00002f7f  timer_getMicros               
00002f27  timer_getMillis               
00002e61  timer_init                    
00002f03  timer_pause                   
00002f15  timer_resume                  
00002ed9  timer_stop                    
00002fd9  timer_waitMicros              
0000300b  timer_waitMillis              
000025b9  turn_left                     
0000252b  turn_right                    
0000361d  uart_interrupt_init           
000036e5  uart_sendChar                 
00003703  uart_sendStr                  
00004a21  vsnprintf                     
00004d0d  wcslen                        


GLOBAL SYMBOLS: SORTED BY Symbol Address 

address   name                          
-------   ----                          
00000000  __TI_static_base__            
00000000  g_pfnVectors                  
0000026d  oi_alloc                      
00000279  oi_free                       
00000289  oi_init_noupdate              
000002b1  oi_init                       
000002c7  oi_close                      
000002d9  oi_update                     
0000032b  oi_parsePacket                
0000084b  oi_setLeds                    
0000088f  oi_setWheels                  
00000915  oi_loadSong                   
0000096b  oi_play_song                  
0000097f  go_charge                     
0000098d  oi_uartInit                   
00000a15  oi_uartSendChar               
00000a31  oi_uartReceive                
00000a59  oi_uartSendStr                
00000a77  oi_uartSendBuff               
00000aa9  oi_checkFirmware              
00000b51  oi_shutoff_init               
00000bc3  GPIOF_Handler                 
00000db1  oi_setMotorCalibration        
00000ded  oi_getMotorCalibrationLeft    
00000e01  oi_getMotorCalibrationRight   
00000e8d  __TI_printfi                  
00001000  __STACK_SIZE                  
00001000  __SYSMEM_SIZE                 
000018db  _nop                          
000018dd  main                          
00002279  move_forward                  
00002433  move_backward                 
0000252b  turn_right                    
000025b9  turn_left                     
00002669  lcd_reverseNibble             
000026a5  lcd_init                      
00002765  lcd_putc                      
0000279d  lcd_puts                      
000027bb  lcd_sendCommand               
000027f9  lcd_sendNibble                
0000283d  lcd_gotoLine                  
00002865  lcd_setCursorPos              
000028a3  lcd_printf                    
00002c01  cyBOT_scan_version            
00002c0f  cyBOT_init_Scan               
00002c67  cyBOT_Scan                    
00002cd9  cyBOT_SERVO_cal               
00002e61  timer_init                    
00002ed9  timer_stop                    
00002f03  timer_pause                   
00002f15  timer_resume                  
00002f27  timer_getMillis               
00002f7f  timer_getMicros               
00002fd9  timer_waitMicros              
0000300b  timer_waitMillis              
000030a9  ping_init                     
0000312f  ping_trigger                  
00003199  TIMER3B_Handler               
000031eb  ping_getDistance              
00003465  __aeabi_dsub                  
0000346f  __aeabi_dadd                  
0000361b  __aeabi_idiv0                 
0000361b  __aeabi_ldiv0                 
0000361d  uart_interrupt_init           
000036e5  uart_sendChar                 
00003703  uart_sendStr                  
00003725  UART1_Handler                 
000037ad  servo_init                    
00003831  servo_stop                    
0000383d  servo_move                    
0000389d  servo_setPWM                  
00003a41  __aeabi_ddiv                  
00003c9d  ir_init                       
00003d05  ir_getValue                   
00003d2d  ir_getDistance                
00003d35  ADC0SS0_Handler               
00003d4b  ir_enableInterrupt            
00003db5  ldexp                         
00003db5  ldexpl                        
00003db5  scalbn                        
00003db5  scalbnl                       
00003ec5  aligned_alloc                 
00003ec5  memalign                      
00003fc5  __aeabi_dmul                  
000040c1  free                          
000041a5  realloc                       
0000433b  __aeabi_memcpy                
0000433b  __aeabi_memcpy4               
0000433b  __aeabi_memcpy8               
0000433b  memcpy                        
000043d7  __aeabi_uldivmod              
0000446d  __aeabi_cdcmpeq               
0000446d  __aeabi_cdcmple               
000044f3  __aeabi_cdrcmple              
00004579  __aeabi_memclr                
00004579  __aeabi_memclr4               
00004579  __aeabi_memclr8               
0000457b  __aeabi_memset                
0000457b  __aeabi_memset4               
0000457b  __aeabi_memset8               
00004581  memset                        
000046d3  __aeabi_d2f                   
00004741  __TI_decompress_lzss          
000047a9  frexp                         
000047a9  frexpl                        
00004863  __TI_ltoa                     
00004909  atoi                          
00004955  __aeabi_d2iz                  
0000499d  __TI_auto_init_nobinit_nopinit
000049e1  sprintf                       
00004a21  vsnprintf                     
00004aa1  calloc                        
00004ad9  __aeabi_f2d                   
00004b11  IntRegister                   
00004b45  _c_int00_noargs               
00004ba9  __aeabi_i2d                   
00004c01  __TI_zero_init_nomemset       
00004c39  memccpy                       
00004c55  copysign                      
00004c55  copysignl                     
00004c9f  oi_parseInt                   
00004cb7  strcmp                        
00004ccf  strchr                        
00004ce5  strcpy                        
00004cf9  strlen                        
00004d0d  wcslen                        
00004d1f  IntMasterEnable               
00004d2f  lcd_clear                     
00004d3f  __TI_decompress_none          
00004d4d  CPUcpsie                      
00004d59  ResetISR                      
00004d71  __aeabi_errno_addr            
00004d79  malloc                        
00004d81  _system_pre_init              
00004d85  C$$EXIT                       
00004d85  abort                         
00004d88  _ctypes_                      
00004ec0  __TI_Handler_Table_Base       
00004ecc  __TI_Handler_Table_Limit      
00004ee0  __TI_CINIT_Base               
00004ef8  __TI_CINIT_Limit              
20000000  __start___llvm_prf_cnts       
20000000  __stop___llvm_prf_cnts        
20000000  g_pfnRAMVectors               
20000270  __stack                       
20000470  __STACK_TOP                   
20001270  __STACK_END                   
20001270  _sys_memory                   
200022dc  _timeout_ticks                
200022e0  fallingEdge                   
200022e4  isr_int_value                 
200022e8  left_calibration_value        
200022ec  pulseLength                   
200022f0  right_calibration_value       
200022f4  risingEdge                    
200022f8  isRisingEdge                  
200022fc  motor_cal_factor_L            
20002300  motor_cal_factor_R            
2000231c  _lock                         
20002320  _unlock                       
2000232c  command_byte                  
20002330  command_flag                  
20002334  cyBOT_scan_features           
20002338  errno                         
2000233c  _running                      
ffffffff  __TI_pprof_out_hndl           
ffffffff  __TI_prof_data_size           
ffffffff  __TI_prof_data_start          
ffffffff  __binit__                     
ffffffff  __c_args__                    
ffffffff  binit                         
UNDEFED   __mpu_init                    
UNDEFED   _system_post_cinit            

[173 symbols]
