******************************************************************************
                  TI ARM Linker PC v20.2.7                     
******************************************************************************
>> Linked Fri Mar  1 12:46:10 2024

OUTPUT FILE NAME:   <lab06.out>
ENTRY POINT SYMBOL: "_c_int00_noargs"  address: 00002f0d


MEMORY CONFIGURATION

         name            origin    length      used     unused   attr    fill
----------------------  --------  ---------  --------  --------  ----  --------
  FLASH                 00000000   00040000  0000326d  0003cd93  R  X
  SRAM                  20000000   00008000  000022fe  00005d02  RW X


SEGMENT ALLOCATION MAP

run origin  load origin   length   init length attrs members
----------  ----------- ---------- ----------- ----- -------
00000000    00000000    00003270   00003270    r-x
  00000000    00000000    0000026c   0000026c    r-- .intvecs
  0000026c    0000026c    00002ea8   00002ea8    r-x .text
  00003114    00003114    00000109   00000109    r-- .const
  00003220    00003220    00000050   00000050    r-- .cinit
20000000    20000000    00002305   00000000    rw-
  20000000    20000000    0000026c   00000000    rw- .vtable
  20000270    20000270    00001000   00000000    rw- .stack
  20001270    20001270    00001000   00000000    rw- .sysmem
  20002270    20002270    00000071   00000000    rw- .bss
  200022e4    200022e4    00000021   00000000    rw- .data


SECTION ALLOCATION MAP

 output                                  attributes/
section   page    origin      length       input sections
--------  ----  ----------  ----------   ----------------
.intvecs   0    00000000    0000026c     
                  00000000    0000026c     tm4c123gh6pm_startup_ccs.obj (.intvecs)

.text      0    0000026c    00002ea8     
                  0000026c    00000a4e     rtsv7M4_T_le_v4SPD16_eabi.lib : _printfi.c.obj (.text:__TI_printfi)
                  00000cba    00000002                                   : _lock.c.obj (.text:_nop)
                  00000cbc    00000328     lcd.obj (.text)
                  00000fe4    00000270     rtsv7M4_T_le_v4SPD16_eabi.lib : _printfi.c.obj (.text:_pconv_a)
                  00001254    00000260     libcybotScan.lib : cyBot_Scan.obj (.text)
                  000014b4    00000248     Timer.obj (.text)
                  000016fc    000001ec     libcybotScan.lib : ping.obj (.text)
                  000018e8    000001d0     rtsv7M4_T_le_v4SPD16_eabi.lib : _printfi.c.obj (.text:_pconv_g)
                  00001ab8    000001b6                                   : fd_add_t2.asm.obj (.text)
                  00001c6e    00000002                                   : div0.asm.obj (.text)
                  00001c70    00000188     uart-interrupt.obj (.text)
                  00001df8    00000158     libcybotScan.lib : servo.obj (.text)
                  00001f50    0000013c     rtsv7M4_T_le_v4SPD16_eabi.lib : _printfi.c.obj (.text:_pconv_e)
                  0000208c    00000136                                   : fd_div_t2.asm.obj (.text)
                  000021c2    00000002     --HOLE-- [fill = 0]
                  000021c4    00000124                                   : _printfi.c.obj (.text:fcvt)
                  000022e8    00000118     libcybotScan.lib : ir.obj (.text)
                  00002400    00000110     rtsv7M4_T_le_v4SPD16_eabi.lib : s_scalbn.c.obj (.text:scalbn)
                  00002510    00000100                                   : memory.c.obj (.text:aligned_alloc)
                  00002610    000000fc                                   : fd_mul_t2.asm.obj (.text)
                  0000270c    000000b1                                   : _printfi.c.obj (.text:_ltostr)
                  000027bd    00000001     --HOLE-- [fill = 0]
                  000027be    0000009c                                   : memcpy_t2.asm.obj (.text)
                  0000285a    00000096                                   : ull_div_t2.asm.obj (.text)
                  000028f0    00000086                                   : fd_cmp_t2.asm.obj (.text:__aeabi_cdcmple)
                  00002976    00000086                                   : fd_cmp_t2.asm.obj (.text:__aeabi_cdrcmple)
                  000029fc    0000007a                                   : memset_t2.asm.obj (.text)
                  00002a76    00000002     --HOLE-- [fill = 0]
                  00002a78    00000070                                   : memory.c.obj (.text:split)
                  00002ae8    0000006e                                   : _printfi.c.obj (.text:_mcpy)
                  00002b56    00000068                                   : copy_decompress_lzss.c.obj (.text:decompress:lzss:__TI_decompress_lzss)
                  00002bbe    00000002     --HOLE-- [fill = 0]
                  00002bc0    00000064                                   : s_frexp.c.obj (.text:frexp)
                  00002c24    00000060     lab6_template.obj (.text)
                  00002c84    00000056     rtsv7M4_T_le_v4SPD16_eabi.lib : _printfi.c.obj (.text:_pconv_f)
                  00002cda    00000054                                   : _ltoa.c.obj (.text:__TI_ltoa)
                  00002d2e    00000052                                   : _printfi.c.obj (.text:_ecpy)
                  00002d80    0000004c                                   : atoi.c.obj (.text:atoi)
                  00002dcc    00000048                                   : fd_toi_t2.asm.obj (.text)
                  00002e14    00000044                                   : autoinit.c.obj (.text:__TI_auto_init_nobinit_nopinit:__TI_auto_init_nobinit_nopinit)
                  00002e58    00000040                                   : vsnprintf.c.obj (.text:vsnprintf)
                  00002e98    0000003e                                   : _printfi.c.obj (.text:_fcpy)
                  00002ed6    00000002     --HOLE-- [fill = 0]
                  00002ed8    00000034     driverlib.lib : interrupt.obj (.text:IntRegister)
                  00002f0c    00000034     rtsv7M4_T_le_v4SPD16_eabi.lib : boot_cortex_m.c.obj (.text:_c_int00_noargs:_c_int00_noargs)
                  00002f40    00000030                                   : vsnprintf.c.obj (.text:_outs)
                  00002f70    0000002e                                   : i_tofd_t2.asm.obj (.text)
                  00002f9e    00000002     --HOLE-- [fill = 0]
                  00002fa0    00000028                                   : memory.c.obj (.text:free_list_insert)
                  00002fc8    0000001c                                   : copy_zero_init.c.obj (.text:decompress:ZI:__TI_zero_init_nomemset:__TI_zero_init_nomemset)
                  00002fe4    0000001c                                   : memory.c.obj (.text:free_list_remove)
                  00003000    0000001c                                   : memccpy.c.obj (.text:memccpy)
                  0000301c    0000001a                                   : s_copysign.c.obj (.text:copysign)
                  00003036    00000018                                   : vsnprintf.c.obj (.text:_outc)
                  0000304e    00000018                                   : strcmp.c.obj (.text:strcmp)
                  00003066    00000016                                   : strchr.c.obj (.text:strchr)
                  0000307c    00000014                                   : strcpy.c.obj (.text:strcpy)
                  00003090    00000014                                   : strlen.c.obj (.text:strlen)
                  000030a4    00000012                                   : wcslen.c.obj (.text:wcslen)
                  000030b6    00000010     driverlib.lib : interrupt.obj (.text:IntMasterEnable)
                  000030c6    00000010     lcd.obj (.text:lcd_clear)
                  000030d6    0000000e     rtsv7M4_T_le_v4SPD16_eabi.lib : copy_decompress_none.c.obj (.text:decompress:none:__TI_decompress_none)
                  000030e4    0000000c     driverlib.lib : cpu.obj (.text:CPUcpsie)
                  000030f0    0000000c     tm4c123gh6pm_startup_ccs.obj (.text)
                  000030fc    00000008     rtsv7M4_T_le_v4SPD16_eabi.lib : errno.c.obj (.text:__aeabi_errno_addr)
                  00003104    00000008                                   : memory.c.obj (.text:malloc)
                  0000310c    00000004                                   : pre_init.c.obj (.text:_system_pre_init)
                  00003110    00000004                                   : exit.c.obj (.text:abort:abort)

.const     0    00003114    00000109     
                  00003114    00000101     rtsv7M4_T_le_v4SPD16_eabi.lib : ctype.c.obj (.const:.string:_ctypes_)
                  00003215    00000004     lcd.obj (.const:.string:lineAddress$1)
                  00003219    00000004     lcd.obj (.const:.string:lineAddresses$2)

.cinit     0    00003220    00000050     
                  00003220    00000015     (.cinit..data.load) [load image, compression = lzss]
                  00003235    00000003     --HOLE-- [fill = 0]
                  00003238    0000000c     (__TI_handler_table)
                  00003244    00000004     --HOLE-- [fill = 0]
                  00003248    00000008     (.cinit..bss.load) [load image, compression = zero_init]
                  00003250    00000008     (.cinit..vtable.load) [load image, compression = zero_init]
                  00003258    00000018     (__TI_cinit_table)

.init_array 
*          0    00000000    00000000     UNINITIALIZED

.vtable    0    20000000    0000026c     UNINITIALIZED
                  20000000    0000026c     driverlib.lib : interrupt.obj (.vtable)

.stack     0    20000270    00001000     UNINITIALIZED
                  20000270    00000004     rtsv7M4_T_le_v4SPD16_eabi.lib : boot_cortex_m.c.obj (.stack)
                  20000274    00000ffc     --HOLE--

.sysmem    0    20001270    00001000     UNINITIALIZED
                  20001270    00000010     rtsv7M4_T_le_v4SPD16_eabi.lib : memory.c.obj (.sysmem)
                  20001280    00000ff0     --HOLE--

.bss       0    20002270    00000071     UNINITIALIZED
                  20002270    00000054     lcd.obj (.bss:lastbuffer$3)
                  200022c4    00000004     (.common:_timeout_ticks)
                  200022c8    00000004     (.common:fallingEdge)
                  200022cc    00000004     (.common:isr_int_value)
                  200022d0    00000004     (.common:left_calibration_value)
                  200022d4    00000004     (.common:pulseLength)
                  200022d8    00000004     (.common:right_calibration_value)
                  200022dc    00000004     (.common:risingEdge)
                  200022e0    00000001     (.common:isRisingEdge)

.data      0    200022e4    00000021     UNINITIALIZED
                  200022e4    00000008     rtsv7M4_T_le_v4SPD16_eabi.lib : _lock.c.obj (.data:$O1$$)
                  200022ec    00000008                                   : memory.c.obj (.data:$O1$$)
                  200022f4    00000008     uart-interrupt.obj (.data)
                  200022fc    00000004     libcybotScan.lib : cyBot_Scan.obj (.data)
                  20002300    00000004     rtsv7M4_T_le_v4SPD16_eabi.lib : errno.c.obj (.data)
                  20002304    00000001     Timer.obj (.data)

__llvm_prf_cnts 
*          0    20000000    00000000     UNINITIALIZED

MODULE SUMMARY

       Module                         code    ro data   rw data
       ------                         ----    -------   -------
    .\
       lcd.obj                        824     8         84     
       tm4c123gh6pm_startup_ccs.obj   12      620       0      
       Timer.obj                      584     0         5      
       uart-interrupt.obj             392     0         8      
       lab6_template.obj              96      0         0      
       lab6-interrupt_template.obj    0       0         8      
    +--+------------------------------+-------+---------+---------+
       Total:                         1908    628       105    
                                                               
    ../libcybotScan.lib
       cyBot_Scan.obj                 608     0         4      
       ping.obj                       492     0         13     
       servo.obj                      344     0         0      
       ir.obj                         280     0         4      
    +--+------------------------------+-------+---------+---------+
       Total:                         1724    0         21     
                                                               
    C:/ti/TivaWare_C_Series-2.2.0.295/driverlib/ccs/Debug/driverlib.lib
       interrupt.obj                  68      0         620    
       cpu.obj                        12      0         0      
    +--+------------------------------+-------+---------+---------+
       Total:                         80      0         620    
                                                               
    C:\ti\ccs1230\ccs\tools\compiler\ti-cgt-arm_20.2.7.LTS\lib\rtsv7M4_T_le_v4SPD16_eabi.lib
       _printfi.c.obj                 4851    0         0      
       memory.c.obj                   444     0         8      
       fd_add_t2.asm.obj              438     0         0      
       fd_div_t2.asm.obj              310     0         0      
       s_scalbn.c.obj                 272     0         0      
       fd_cmp_t2.asm.obj              268     0         0      
       ctype.c.obj                    0       257       0      
       fd_mul_t2.asm.obj              252     0         0      
       memcpy_t2.asm.obj              156     0         0      
       ull_div_t2.asm.obj             150     0         0      
       vsnprintf.c.obj                136     0         0      
       memset_t2.asm.obj              122     0         0      
       copy_decompress_lzss.c.obj     104     0         0      
       s_frexp.c.obj                  100     0         0      
       _ltoa.c.obj                    84      0         0      
       atoi.c.obj                     76      0         0      
       fd_toi_t2.asm.obj              72      0         0      
       autoinit.c.obj                 68      0         0      
       boot_cortex_m.c.obj            52      0         0      
       i_tofd_t2.asm.obj              46      0         0      
       copy_zero_init.c.obj           28      0         0      
       memccpy.c.obj                  28      0         0      
       s_copysign.c.obj               26      0         0      
       strcmp.c.obj                   24      0         0      
       strchr.c.obj                   22      0         0      
       strcpy.c.obj                   20      0         0      
       strlen.c.obj                   20      0         0      
       wcslen.c.obj                   18      0         0      
       copy_decompress_none.c.obj     14      0         0      
       errno.c.obj                    8       0         4      
       _lock.c.obj                    2       0         8      
       exit.c.obj                     4       0         0      
       pre_init.c.obj                 4       0         0      
       div0.asm.obj                   2       0         0      
    +--+------------------------------+-------+---------+---------+
       Total:                         8221    257       20     
                                                               
       Heap:                          0       0         4096   
       Stack:                         0       0         4096   
       Linker Generated:              0       73        0      
    +--+------------------------------+-------+---------+---------+
       Grand Total:                   11933   958       8958   


LINKER GENERATED COPY TABLES

__TI_cinit_table @ 00003258 records: 3, size/record: 8, table size: 24
	.data: load addr=00003220, load size=00000015 bytes, run addr=200022e4, run size=00000021 bytes, compression=lzss
	.bss: load addr=00003248, load size=00000008 bytes, run addr=20002270, run size=00000071 bytes, compression=zero_init
	.vtable: load addr=00003250, load size=00000008 bytes, run addr=20000000, run size=0000026c bytes, compression=zero_init


LINKER GENERATED HANDLER TABLE

__TI_handler_table @ 00003238 records: 3, size/record: 4, table size: 12
	index: 0, handler: __TI_zero_init
	index: 1, handler: __TI_decompress_lzss
	index: 2, handler: __TI_decompress_none


GLOBAL SYMBOLS: SORTED ALPHABETICALLY BY Name 

address   name                          
-------   ----                          
00002381  ADC0SS0_Handler               
00003111  C$$EXIT                       
000030e5  CPUcpsie                      
000030b7  IntMasterEnable               
00002ed9  IntRegister                   
000030f1  ResetISR                      
000017ed  TIMER3B_Handler               
00001d69  UART1_Handler                 
20001270  __STACK_END                   
00001000  __STACK_SIZE                  
20000470  __STACK_TOP                   
00001000  __SYSMEM_SIZE                 
00003258  __TI_CINIT_Base               
00003270  __TI_CINIT_Limit              
00003238  __TI_Handler_Table_Base       
00003244  __TI_Handler_Table_Limit      
00002e15  __TI_auto_init_nobinit_nopinit
00002b57  __TI_decompress_lzss          
000030d7  __TI_decompress_none          
00002cdb  __TI_ltoa                     
ffffffff  __TI_pprof_out_hndl           
0000026d  __TI_printfi                  
ffffffff  __TI_prof_data_size           
ffffffff  __TI_prof_data_start          
00000000  __TI_static_base__            
00002fc9  __TI_zero_init_nomemset       
000028f1  __aeabi_cdcmpeq               
000028f1  __aeabi_cdcmple               
00002977  __aeabi_cdrcmple              
00002dcd  __aeabi_d2iz                  
00001ac3  __aeabi_dadd                  
0000208d  __aeabi_ddiv                  
00002611  __aeabi_dmul                  
00001ab9  __aeabi_dsub                  
000030fd  __aeabi_errno_addr            
00002f71  __aeabi_i2d                   
00001c6f  __aeabi_idiv0                 
00001c6f  __aeabi_ldiv0                 
000029fd  __aeabi_memclr                
000029fd  __aeabi_memclr4               
000029fd  __aeabi_memclr8               
000027bf  __aeabi_memcpy                
000027bf  __aeabi_memcpy4               
000027bf  __aeabi_memcpy8               
000029ff  __aeabi_memset                
000029ff  __aeabi_memset4               
000029ff  __aeabi_memset8               
0000285b  __aeabi_uldivmod              
ffffffff  __binit__                     
ffffffff  __c_args__                    
UNDEFED   __mpu_init                    
20000270  __stack                       
20000000  __start___llvm_prf_cnts       
20000000  __stop___llvm_prf_cnts        
00002f0d  _c_int00_noargs               
00003114  _ctypes_                      
200022e4  _lock                         
00000cbb  _nop                          
20002304  _running                      
20001270  _sys_memory                   
UNDEFED   _system_post_cinit            
0000310d  _system_pre_init              
200022c4  _timeout_ticks                
200022e8  _unlock                       
00003111  abort                         
00002511  aligned_alloc                 
00002d81  atoi                          
ffffffff  binit                         
200022f4  command_byte                  
200022f8  command_flag                  
0000301d  copysign                      
0000301d  copysignl                     
0000132d  cyBOT_SERVO_cal               
000012bb  cyBOT_Scan                    
00001263  cyBOT_init_Scan               
200022fc  cyBOT_scan_features           
00001255  cyBOT_scan_version            
20002300  errno                         
200022c8  fallingEdge                   
00002bc1  frexp                         
00002bc1  frexpl                        
20000000  g_pfnRAMVectors               
00000000  g_pfnVectors                  
00002397  ir_enableInterrupt            
00002379  ir_getDistance                
00002351  ir_getValue                   
000022e9  ir_init                       
200022e0  isRisingEdge                  
200022cc  isr_int_value                 
000030c7  lcd_clear                     
00000e91  lcd_gotoLine                  
00000cf9  lcd_init                      
00000ef7  lcd_printf                    
00000db9  lcd_putc                      
00000df1  lcd_puts                      
00000cbd  lcd_reverseNibble             
00000e0f  lcd_sendCommand               
00000e4d  lcd_sendNibble                
00000eb9  lcd_setCursorPos              
00002401  ldexp                         
00002401  ldexpl                        
200022d0  left_calibration_value        
00002c25  main                          
00003105  malloc                        
00002511  memalign                      
00003001  memccpy                       
000027bf  memcpy                        
00002a05  memset                        
0000183f  ping_getDistance              
000016fd  ping_init                     
00001783  ping_trigger                  
200022d4  pulseLength                   
200022d8  right_calibration_value       
200022dc  risingEdge                    
00002401  scalbn                        
00002401  scalbnl                       
00001df9  servo_init                    
00001e89  servo_move                    
00001ee9  servo_setPWM                  
00001e7d  servo_stop                    
00003067  strchr                        
0000304f  strcmp                        
0000307d  strcpy                        
00003091  strlen                        
000015d3  timer_getMicros               
0000157b  timer_getMillis               
000014b5  timer_init                    
00001557  timer_pause                   
00001569  timer_resume                  
0000152d  timer_stop                    
0000162d  timer_waitMicros              
0000165f  timer_waitMillis              
00001c71  uart_interrupt_init           
00001d5d  uart_receive                  
00001d39  uart_sendChar                 
00001d5f  uart_sendStr                  
00002e59  vsnprintf                     
000030a5  wcslen                        


GLOBAL SYMBOLS: SORTED BY Symbol Address 

address   name                          
-------   ----                          
00000000  __TI_static_base__            
00000000  g_pfnVectors                  
0000026d  __TI_printfi                  
00000cbb  _nop                          
00000cbd  lcd_reverseNibble             
00000cf9  lcd_init                      
00000db9  lcd_putc                      
00000df1  lcd_puts                      
00000e0f  lcd_sendCommand               
00000e4d  lcd_sendNibble                
00000e91  lcd_gotoLine                  
00000eb9  lcd_setCursorPos              
00000ef7  lcd_printf                    
00001000  __STACK_SIZE                  
00001000  __SYSMEM_SIZE                 
00001255  cyBOT_scan_version            
00001263  cyBOT_init_Scan               
000012bb  cyBOT_Scan                    
0000132d  cyBOT_SERVO_cal               
000014b5  timer_init                    
0000152d  timer_stop                    
00001557  timer_pause                   
00001569  timer_resume                  
0000157b  timer_getMillis               
000015d3  timer_getMicros               
0000162d  timer_waitMicros              
0000165f  timer_waitMillis              
000016fd  ping_init                     
00001783  ping_trigger                  
000017ed  TIMER3B_Handler               
0000183f  ping_getDistance              
00001ab9  __aeabi_dsub                  
00001ac3  __aeabi_dadd                  
00001c6f  __aeabi_idiv0                 
00001c6f  __aeabi_ldiv0                 
00001c71  uart_interrupt_init           
00001d39  uart_sendChar                 
00001d5d  uart_receive                  
00001d5f  uart_sendStr                  
00001d69  UART1_Handler                 
00001df9  servo_init                    
00001e7d  servo_stop                    
00001e89  servo_move                    
00001ee9  servo_setPWM                  
0000208d  __aeabi_ddiv                  
000022e9  ir_init                       
00002351  ir_getValue                   
00002379  ir_getDistance                
00002381  ADC0SS0_Handler               
00002397  ir_enableInterrupt            
00002401  ldexp                         
00002401  ldexpl                        
00002401  scalbn                        
00002401  scalbnl                       
00002511  aligned_alloc                 
00002511  memalign                      
00002611  __aeabi_dmul                  
000027bf  __aeabi_memcpy                
000027bf  __aeabi_memcpy4               
000027bf  __aeabi_memcpy8               
000027bf  memcpy                        
0000285b  __aeabi_uldivmod              
000028f1  __aeabi_cdcmpeq               
000028f1  __aeabi_cdcmple               
00002977  __aeabi_cdrcmple              
000029fd  __aeabi_memclr                
000029fd  __aeabi_memclr4               
000029fd  __aeabi_memclr8               
000029ff  __aeabi_memset                
000029ff  __aeabi_memset4               
000029ff  __aeabi_memset8               
00002a05  memset                        
00002b57  __TI_decompress_lzss          
00002bc1  frexp                         
00002bc1  frexpl                        
00002c25  main                          
00002cdb  __TI_ltoa                     
00002d81  atoi                          
00002dcd  __aeabi_d2iz                  
00002e15  __TI_auto_init_nobinit_nopinit
00002e59  vsnprintf                     
00002ed9  IntRegister                   
00002f0d  _c_int00_noargs               
00002f71  __aeabi_i2d                   
00002fc9  __TI_zero_init_nomemset       
00003001  memccpy                       
0000301d  copysign                      
0000301d  copysignl                     
0000304f  strcmp                        
00003067  strchr                        
0000307d  strcpy                        
00003091  strlen                        
000030a5  wcslen                        
000030b7  IntMasterEnable               
000030c7  lcd_clear                     
000030d7  __TI_decompress_none          
000030e5  CPUcpsie                      
000030f1  ResetISR                      
000030fd  __aeabi_errno_addr            
00003105  malloc                        
0000310d  _system_pre_init              
00003111  C$$EXIT                       
00003111  abort                         
00003114  _ctypes_                      
00003238  __TI_Handler_Table_Base       
00003244  __TI_Handler_Table_Limit      
00003258  __TI_CINIT_Base               
00003270  __TI_CINIT_Limit              
20000000  __start___llvm_prf_cnts       
20000000  __stop___llvm_prf_cnts        
20000000  g_pfnRAMVectors               
20000270  __stack                       
20000470  __STACK_TOP                   
20001270  __STACK_END                   
20001270  _sys_memory                   
200022c4  _timeout_ticks                
200022c8  fallingEdge                   
200022cc  isr_int_value                 
200022d0  left_calibration_value        
200022d4  pulseLength                   
200022d8  right_calibration_value       
200022dc  risingEdge                    
200022e0  isRisingEdge                  
200022e4  _lock                         
200022e8  _unlock                       
200022f4  command_byte                  
200022f8  command_flag                  
200022fc  cyBOT_scan_features           
20002300  errno                         
20002304  _running                      
ffffffff  __TI_pprof_out_hndl           
ffffffff  __TI_prof_data_size           
ffffffff  __TI_prof_data_start          
ffffffff  __binit__                     
ffffffff  __c_args__                    
ffffffff  binit                         
UNDEFED   __mpu_init                    
UNDEFED   _system_post_cinit            

[138 symbols]
