******************************************************************************
                  TI ARM Linker PC v20.2.7                     
******************************************************************************
>> Linked Fri Jan 26 13:41:09 2024

OUTPUT FILE NAME:   <lab01.out>
ENTRY POINT SYMBOL: "_c_int00_noargs"  address: 00002811


MEMORY CONFIGURATION

         name            origin    length      used     unused   attr    fill
----------------------  --------  ---------  --------  --------  ----  --------
  FLASH                 00000000   00040000  00002b45  0003d4bb  R  X
  SRAM                  20000000   00008000  000022d9  00005d27  RW X


SEGMENT ALLOCATION MAP

run origin  load origin   length   init length attrs members
----------  ----------- ---------- ----------- ----- -------
00000000    00000000    00002b48   00002b48    r-x
  00000000    00000000    0000026c   0000026c    r-- .intvecs
  0000026c    0000026c    00002790   00002790    r-x .text
  000029fc    000029fc    00000109   00000109    r-- .const
  00002b08    00002b08    00000040   00000040    r-- .cinit
20000000    20000000    000022dd   00000000    rw-
  20000000    20000000    0000026c   00000000    rw- .vtable
  20000270    20000270    00001000   00000000    rw- .stack
  20001270    20001270    00001000   00000000    rw- .sysmem
  20002270    20002270    00000058   00000000    rw- .bss
  200022c8    200022c8    00000015   00000000    rw- .data


SECTION ALLOCATION MAP

 output                                  attributes/
section   page    origin      length       input sections
--------  ----  ----------  ----------   ----------------
.intvecs   0    00000000    0000026c     
                  00000000    0000026c     tm4c123gh6pm_startup_ccs.obj (.intvecs)

.text      0    0000026c    00002790     
                  0000026c    00000a4e     rtsv7M4_T_le_v4SPD16_eabi.lib : _printfi.c.obj (.text:__TI_printfi)
                  00000cba    00000002                                   : _lock.c.obj (.text:_nop)
                  00000cbc    00000328     lcd.obj (.text)
                  00000fe4    00000270     rtsv7M4_T_le_v4SPD16_eabi.lib : _printfi.c.obj (.text:_pconv_a)
                  00001254    00000248     Timer.obj (.text)
                  0000149c    000001d0     rtsv7M4_T_le_v4SPD16_eabi.lib : _printfi.c.obj (.text:_pconv_g)
                  0000166c    000001b6                                   : fd_add_t2.asm.obj (.text)
                  00001822    00000002                                   : div0.asm.obj (.text)
                  00001824    0000013c                                   : _printfi.c.obj (.text:_pconv_e)
                  00001960    00000136                                   : fd_div_t2.asm.obj (.text)
                  00001a96    00000002     --HOLE-- [fill = 0]
                  00001a98    00000124                                   : _printfi.c.obj (.text:fcvt)
                  00001bbc    00000110                                   : s_scalbn.c.obj (.text:scalbn)
                  00001ccc    00000100                                   : memory.c.obj (.text:aligned_alloc)
                  00001dcc    000000fc                                   : fd_mul_t2.asm.obj (.text)
                  00001ec8    000000e4                                   : memory.c.obj (.text:free)
                  00001fac    000000c2     helloworld.obj (.text)
                  0000206e    00000002     --HOLE-- [fill = 0]
                  00002070    000000b1     rtsv7M4_T_le_v4SPD16_eabi.lib : _printfi.c.obj (.text:_ltostr)
                  00002121    00000001     --HOLE-- [fill = 0]
                  00002122    0000009c                                   : memcpy_t2.asm.obj (.text)
                  000021be    00000096                                   : ull_div_t2.asm.obj (.text)
                  00002254    00000086                                   : fd_cmp_t2.asm.obj (.text:__aeabi_cdcmple)
                  000022da    00000086                                   : fd_cmp_t2.asm.obj (.text:__aeabi_cdrcmple)
                  00002360    0000007a                                   : memset_t2.asm.obj (.text)
                  000023da    00000002     --HOLE-- [fill = 0]
                  000023dc    00000070                                   : memory.c.obj (.text:split)
                  0000244c    0000006e                                   : _printfi.c.obj (.text:_mcpy)
                  000024ba    00000068                                   : copy_decompress_lzss.c.obj (.text:decompress:lzss:__TI_decompress_lzss)
                  00002522    00000002     --HOLE-- [fill = 0]
                  00002524    00000064                                   : s_frexp.c.obj (.text:frexp)
                  00002588    00000056                                   : _printfi.c.obj (.text:_pconv_f)
                  000025de    00000054                                   : _ltoa.c.obj (.text:__TI_ltoa)
                  00002632    00000052                                   : _printfi.c.obj (.text:_ecpy)
                  00002684    0000004c                                   : atoi.c.obj (.text:atoi)
                  000026d0    00000048                                   : fd_toi_t2.asm.obj (.text)
                  00002718    00000044                                   : autoinit.c.obj (.text:__TI_auto_init_nobinit_nopinit:__TI_auto_init_nobinit_nopinit)
                  0000275c    00000040                                   : vsnprintf.c.obj (.text:vsnprintf)
                  0000279c    0000003e                                   : _printfi.c.obj (.text:_fcpy)
                  000027da    00000002     --HOLE-- [fill = 0]
                  000027dc    00000034     driverlib.lib : interrupt.obj (.text:IntRegister)
                  00002810    00000034     rtsv7M4_T_le_v4SPD16_eabi.lib : boot_cortex_m.c.obj (.text:_c_int00_noargs:_c_int00_noargs)
                  00002844    00000030                                   : vsnprintf.c.obj (.text:_outs)
                  00002874    0000002e                                   : i_tofd_t2.asm.obj (.text)
                  000028a2    00000002     --HOLE-- [fill = 0]
                  000028a4    00000028                                   : memory.c.obj (.text:free_list_insert)
                  000028cc    0000001c                                   : copy_zero_init.c.obj (.text:decompress:ZI:__TI_zero_init_nomemset:__TI_zero_init_nomemset)
                  000028e8    0000001c                                   : memory.c.obj (.text:free_list_remove)
                  00002904    0000001c                                   : memccpy.c.obj (.text:memccpy)
                  00002920    0000001a                                   : s_copysign.c.obj (.text:copysign)
                  0000293a    00000018                                   : vsnprintf.c.obj (.text:_outc)
                  00002952    00000018                                   : strcmp.c.obj (.text:strcmp)
                  0000296a    00000016                                   : strchr.c.obj (.text:strchr)
                  00002980    00000014                                   : strcpy.c.obj (.text:strcpy)
                  00002994    00000014                                   : strlen.c.obj (.text:strlen)
                  000029a8    00000012                                   : wcslen.c.obj (.text:wcslen)
                  000029ba    00000010     lcd.obj (.text:lcd_clear)
                  000029ca    0000000e     rtsv7M4_T_le_v4SPD16_eabi.lib : copy_decompress_none.c.obj (.text:decompress:none:__TI_decompress_none)
                  000029d8    0000000c     tm4c123gh6pm_startup_ccs.obj (.text)
                  000029e4    00000008     rtsv7M4_T_le_v4SPD16_eabi.lib : errno.c.obj (.text:__aeabi_errno_addr)
                  000029ec    00000008                                   : memory.c.obj (.text:malloc)
                  000029f4    00000004                                   : pre_init.c.obj (.text:_system_pre_init)
                  000029f8    00000004                                   : exit.c.obj (.text:abort:abort)

.const     0    000029fc    00000109     
                  000029fc    00000101     rtsv7M4_T_le_v4SPD16_eabi.lib : ctype.c.obj (.const:.string:_ctypes_)
                  00002afd    00000004     lcd.obj (.const:.string:lineAddress$1)
                  00002b01    00000004     lcd.obj (.const:.string:lineAddresses$2)

.cinit     0    00002b08    00000040     
                  00002b08    0000000c     (.cinit..data.load) [load image, compression = lzss]
                  00002b14    0000000c     (__TI_handler_table)
                  00002b20    00000008     (.cinit..bss.load) [load image, compression = zero_init]
                  00002b28    00000008     (.cinit..vtable.load) [load image, compression = zero_init]
                  00002b30    00000018     (__TI_cinit_table)

.init_array 
*          0    00000000    00000000     UNINITIALIZED

.vtable    0    20000000    0000026c     UNINITIALIZED
                  20000000    0000026c     driverlib.lib : interrupt.obj (.vtable)

.stack     0    20000270    00001000     UNINITIALIZED
                  20000270    00000004     rtsv7M4_T_le_v4SPD16_eabi.lib : boot_cortex_m.c.obj (.stack)
                  20000274    00000ffc     --HOLE--

.sysmem    0    20001270    00001000     UNINITIALIZED
                  20001270    00000010     rtsv7M4_T_le_v4SPD16_eabi.lib : memory.c.obj (.sysmem)
                  20001280    00000ff0     --HOLE--

.bss       0    20002270    00000058     UNINITIALIZED
                  20002270    00000054     lcd.obj (.bss:lastbuffer$3)
                  200022c4    00000004     (.common:_timeout_ticks)

.data      0    200022c8    00000015     UNINITIALIZED
                  200022c8    00000008     rtsv7M4_T_le_v4SPD16_eabi.lib : _lock.c.obj (.data:$O1$$)
                  200022d0    00000008                                   : memory.c.obj (.data:$O1$$)
                  200022d8    00000004                                   : errno.c.obj (.data)
                  200022dc    00000001     Timer.obj (.data)

__llvm_prf_cnts 
*          0    20000000    00000000     UNINITIALIZED

MODULE SUMMARY

       Module                         code    ro data   rw data
       ------                         ----    -------   -------
    .\
       lcd.obj                        824     8         84     
       tm4c123gh6pm_startup_ccs.obj   12      620       0      
       Timer.obj                      584     0         5      
       helloworld.obj                 194     0         0      
    +--+------------------------------+-------+---------+---------+
       Total:                         1614    628       89     
                                                               
    C:/ti/TivaWare_C_Series-2.2.0.295/driverlib/ccs/Debug/driverlib.lib
       interrupt.obj                  52      0         620    
    +--+------------------------------+-------+---------+---------+
       Total:                         52      0         620    
                                                               
    C:\ti\ccs1230\ccs\tools\compiler\ti-cgt-arm_20.2.7.LTS\lib\rtsv7M4_T_le_v4SPD16_eabi.lib
       _printfi.c.obj                 4851    0         0      
       memory.c.obj                   672     0         8      
       fd_add_t2.asm.obj              438     0         0      
       fd_div_t2.asm.obj              310     0         0      
       s_scalbn.c.obj                 272     0         0      
       fd_cmp_t2.asm.obj              268     0         0      
       ctype.c.obj                    0       257       0      
       fd_mul_t2.asm.obj              252     0         0      
       memcpy_t2.asm.obj              156     0         0      
       ull_div_t2.asm.obj             150     0         0      
       vsnprintf.c.obj                136     0         0      
       memset_t2.asm.obj              122     0         0      
       copy_decompress_lzss.c.obj     104     0         0      
       s_frexp.c.obj                  100     0         0      
       _ltoa.c.obj                    84      0         0      
       atoi.c.obj                     76      0         0      
       fd_toi_t2.asm.obj              72      0         0      
       autoinit.c.obj                 68      0         0      
       boot_cortex_m.c.obj            52      0         0      
       i_tofd_t2.asm.obj              46      0         0      
       copy_zero_init.c.obj           28      0         0      
       memccpy.c.obj                  28      0         0      
       s_copysign.c.obj               26      0         0      
       strcmp.c.obj                   24      0         0      
       strchr.c.obj                   22      0         0      
       strcpy.c.obj                   20      0         0      
       strlen.c.obj                   20      0         0      
       wcslen.c.obj                   18      0         0      
       copy_decompress_none.c.obj     14      0         0      
       errno.c.obj                    8       0         4      
       _lock.c.obj                    2       0         8      
       exit.c.obj                     4       0         0      
       pre_init.c.obj                 4       0         0      
       div0.asm.obj                   2       0         0      
    +--+------------------------------+-------+---------+---------+
       Total:                         8449    257       20     
                                                               
       Heap:                          0       0         4096   
       Stack:                         0       0         4096   
       Linker Generated:              0       64        0      
    +--+------------------------------+-------+---------+---------+
       Grand Total:                   10115   949       8921   


LINKER GENERATED COPY TABLES

__TI_cinit_table @ 00002b30 records: 3, size/record: 8, table size: 24
	.data: load addr=00002b08, load size=0000000c bytes, run addr=200022c8, run size=00000015 bytes, compression=lzss
	.bss: load addr=00002b20, load size=00000008 bytes, run addr=20002270, run size=00000058 bytes, compression=zero_init
	.vtable: load addr=00002b28, load size=00000008 bytes, run addr=20000000, run size=0000026c bytes, compression=zero_init


LINKER GENERATED HANDLER TABLE

__TI_handler_table @ 00002b14 records: 3, size/record: 4, table size: 12
	index: 0, handler: __TI_zero_init
	index: 1, handler: __TI_decompress_lzss
	index: 2, handler: __TI_decompress_none


GLOBAL SYMBOLS: SORTED ALPHABETICALLY BY Name 

address   name                          
-------   ----                          
000029f9  C$$EXIT                       
000027dd  IntRegister                   
000029d9  ResetISR                      
20001270  __STACK_END                   
00001000  __STACK_SIZE                  
20000470  __STACK_TOP                   
00001000  __SYSMEM_SIZE                 
00002b30  __TI_CINIT_Base               
00002b48  __TI_CINIT_Limit              
00002b14  __TI_Handler_Table_Base       
00002b20  __TI_Handler_Table_Limit      
00002719  __TI_auto_init_nobinit_nopinit
000024bb  __TI_decompress_lzss          
000029cb  __TI_decompress_none          
000025df  __TI_ltoa                     
ffffffff  __TI_pprof_out_hndl           
0000026d  __TI_printfi                  
ffffffff  __TI_prof_data_size           
ffffffff  __TI_prof_data_start          
00000000  __TI_static_base__            
000028cd  __TI_zero_init_nomemset       
00002255  __aeabi_cdcmpeq               
00002255  __aeabi_cdcmple               
000022db  __aeabi_cdrcmple              
000026d1  __aeabi_d2iz                  
00001677  __aeabi_dadd                  
00001961  __aeabi_ddiv                  
00001dcd  __aeabi_dmul                  
0000166d  __aeabi_dsub                  
000029e5  __aeabi_errno_addr            
00002875  __aeabi_i2d                   
00001823  __aeabi_idiv0                 
00001823  __aeabi_ldiv0                 
00002361  __aeabi_memclr                
00002361  __aeabi_memclr4               
00002361  __aeabi_memclr8               
00002123  __aeabi_memcpy                
00002123  __aeabi_memcpy4               
00002123  __aeabi_memcpy8               
00002363  __aeabi_memset                
00002363  __aeabi_memset4               
00002363  __aeabi_memset8               
000021bf  __aeabi_uldivmod              
ffffffff  __binit__                     
ffffffff  __c_args__                    
UNDEFED   __mpu_init                    
20000270  __stack                       
20000000  __start___llvm_prf_cnts       
20000000  __stop___llvm_prf_cnts        
00002811  _c_int00_noargs               
000029fc  _ctypes_                      
200022c8  _lock                         
00000cbb  _nop                          
200022dc  _running                      
20001270  _sys_memory                   
UNDEFED   _system_post_cinit            
000029f5  _system_pre_init              
200022c4  _timeout_ticks                
200022cc  _unlock                       
000029f9  abort                         
00001ccd  aligned_alloc                 
00002685  atoi                          
ffffffff  binit                         
00002921  copysign                      
00002921  copysignl                     
200022d8  errno                         
00001ec9  free                          
00002525  frexp                         
00002525  frexpl                        
20000000  g_pfnRAMVectors               
00000000  g_pfnVectors                  
000029bb  lcd_clear                     
00000e91  lcd_gotoLine                  
00000cf9  lcd_init                      
00000ef7  lcd_printf                    
00000db9  lcd_putc                      
00000df1  lcd_puts                      
00000cbd  lcd_reverseNibble             
00001fbd  lcd_rotatingBanner            
00000e0f  lcd_sendCommand               
00000e4d  lcd_sendNibble                
00000eb9  lcd_setCursorPos              
00001bbd  ldexp                         
00001bbd  ldexpl                        
00001fad  main                          
000029ed  malloc                        
00001ccd  memalign                      
00002905  memccpy                       
00002123  memcpy                        
00002369  memset                        
00001bbd  scalbn                        
00001bbd  scalbnl                       
0000296b  strchr                        
00002953  strcmp                        
00002981  strcpy                        
00002995  strlen                        
00001373  timer_getMicros               
0000131b  timer_getMillis               
00001255  timer_init                    
000012f7  timer_pause                   
00001309  timer_resume                  
000012cd  timer_stop                    
000013cd  timer_waitMicros              
000013ff  timer_waitMillis              
0000275d  vsnprintf                     
000029a9  wcslen                        


GLOBAL SYMBOLS: SORTED BY Symbol Address 

address   name                          
-------   ----                          
00000000  __TI_static_base__            
00000000  g_pfnVectors                  
0000026d  __TI_printfi                  
00000cbb  _nop                          
00000cbd  lcd_reverseNibble             
00000cf9  lcd_init                      
00000db9  lcd_putc                      
00000df1  lcd_puts                      
00000e0f  lcd_sendCommand               
00000e4d  lcd_sendNibble                
00000e91  lcd_gotoLine                  
00000eb9  lcd_setCursorPos              
00000ef7  lcd_printf                    
00001000  __STACK_SIZE                  
00001000  __SYSMEM_SIZE                 
00001255  timer_init                    
000012cd  timer_stop                    
000012f7  timer_pause                   
00001309  timer_resume                  
0000131b  timer_getMillis               
00001373  timer_getMicros               
000013cd  timer_waitMicros              
000013ff  timer_waitMillis              
0000166d  __aeabi_dsub                  
00001677  __aeabi_dadd                  
00001823  __aeabi_idiv0                 
00001823  __aeabi_ldiv0                 
00001961  __aeabi_ddiv                  
00001bbd  ldexp                         
00001bbd  ldexpl                        
00001bbd  scalbn                        
00001bbd  scalbnl                       
00001ccd  aligned_alloc                 
00001ccd  memalign                      
00001dcd  __aeabi_dmul                  
00001ec9  free                          
00001fad  main                          
00001fbd  lcd_rotatingBanner            
00002123  __aeabi_memcpy                
00002123  __aeabi_memcpy4               
00002123  __aeabi_memcpy8               
00002123  memcpy                        
000021bf  __aeabi_uldivmod              
00002255  __aeabi_cdcmpeq               
00002255  __aeabi_cdcmple               
000022db  __aeabi_cdrcmple              
00002361  __aeabi_memclr                
00002361  __aeabi_memclr4               
00002361  __aeabi_memclr8               
00002363  __aeabi_memset                
00002363  __aeabi_memset4               
00002363  __aeabi_memset8               
00002369  memset                        
000024bb  __TI_decompress_lzss          
00002525  frexp                         
00002525  frexpl                        
000025df  __TI_ltoa                     
00002685  atoi                          
000026d1  __aeabi_d2iz                  
00002719  __TI_auto_init_nobinit_nopinit
0000275d  vsnprintf                     
000027dd  IntRegister                   
00002811  _c_int00_noargs               
00002875  __aeabi_i2d                   
000028cd  __TI_zero_init_nomemset       
00002905  memccpy                       
00002921  copysign                      
00002921  copysignl                     
00002953  strcmp                        
0000296b  strchr                        
00002981  strcpy                        
00002995  strlen                        
000029a9  wcslen                        
000029bb  lcd_clear                     
000029cb  __TI_decompress_none          
000029d9  ResetISR                      
000029e5  __aeabi_errno_addr            
000029ed  malloc                        
000029f5  _system_pre_init              
000029f9  C$$EXIT                       
000029f9  abort                         
000029fc  _ctypes_                      
00002b14  __TI_Handler_Table_Base       
00002b20  __TI_Handler_Table_Limit      
00002b30  __TI_CINIT_Base               
00002b48  __TI_CINIT_Limit              
20000000  __start___llvm_prf_cnts       
20000000  __stop___llvm_prf_cnts        
20000000  g_pfnRAMVectors               
20000270  __stack                       
20000470  __STACK_TOP                   
20001270  __STACK_END                   
20001270  _sys_memory                   
200022c4  _timeout_ticks                
200022c8  _lock                         
200022cc  _unlock                       
200022d8  errno                         
200022dc  _running                      
ffffffff  __TI_pprof_out_hndl           
ffffffff  __TI_prof_data_size           
ffffffff  __TI_prof_data_start          
ffffffff  __binit__                     
ffffffff  __c_args__                    
ffffffff  binit                         
UNDEFED   __mpu_init                    
UNDEFED   _system_post_cinit            

[106 symbols]
